Archive member included because of file (symbol)

C:/Program Files/Rowley Associates Limited/CrossWorks for ARM 2.3/lib/libm_v7em_t_le_eabi.a(libm_asm.o)
                              THUMB Flash Debug 160k/HAL.o (__aeabi_i2f)
C:/Program Files/Rowley Associates Limited/CrossWorks for ARM 2.3/lib/libm_v7em_t_le_eabi.a(libm2.o)
                              THUMB Flash Debug 160k/lmathlib.o (acos)
C:/Program Files/Rowley Associates Limited/CrossWorks for ARM 2.3/lib/libm_v7em_t_le_eabi.a(libm2_asm.o)
                              THUMB Flash Debug 160k/LuaLibSys.o (fabs)
C:/Program Files/Rowley Associates Limited/CrossWorks for ARM 2.3/lib/libc_v7em_t_le_eabi.a(libc_asm.o)
                              THUMB Flash Debug 160k/HAL.o (__aeabi_uldivmod)
C:/Program Files/Rowley Associates Limited/CrossWorks for ARM 2.3/lib/libc_v7em_t_le_eabi.a(libc2.o)
                              THUMB Flash Debug 160k/lcode.o (abs)
C:/Program Files/Rowley Associates Limited/CrossWorks for ARM 2.3/lib/libc_v7em_t_le_eabi.a(libc2_asm.o)
                              THUMB Flash Debug 160k/ldo.o (longjmp)
C:/Program Files/Rowley Associates Limited/CrossWorks for ARM 2.3/lib/libc_v7em_t_le_eabi.a(__vfprintf_double_long_long.o)
                              (__vfprintf_double_long_long)
C:/Program Files/Rowley Associates Limited/CrossWorks for ARM 2.3/lib/libc_v7em_t_le_eabi.a(__vfscanf_double_long_long.o)
                              (__vfscanf_double_long_long)
C:/Program Files/Rowley Associates Limited/CrossWorks for ARM 2.3/lib/libdebugio_v7em_t_le_eabi.a(libdebugio.o)
                              (__do_debug_operation_mempoll)
C:/Program Files/Rowley Associates Limited/CrossWorks for ARM 2.3/lib/libdebugio_v7em_t_le_eabi.a(libdebugio_asm.o)
                              THUMB Flash Debug 160k/main.o (debug_printf)
C:/Program Files/Rowley Associates Limited/CrossWorks for ARM 2.3/lib/libc_targetio_impl_v7em_t_le_eabi.a(libc_targetio_impl.o)
                              THUMB Flash Debug 160k/main.o (printf)
C:/Program Files/Rowley Associates Limited/CrossWorks for ARM 2.3/lib/libc_user_libc_v7em_t_le_eabi.a(user_libc.o)
                              THUMB Flash Debug 160k/lauxlib.o (__errno)

Discarded input sections

 .text          0x00000000        0x0 THUMB Flash Debug 160k/main.o
 .data          0x00000000        0x0 THUMB Flash Debug 160k/main.o
 .bss           0x00000000        0x0 THUMB Flash Debug 160k/main.o
 .bss.L         0x00000000        0x4 THUMB Flash Debug 160k/main.o
 .text          0x00000000        0x0 THUMB Flash Debug 160k/HAL.o
 .data          0x00000000        0x0 THUMB Flash Debug 160k/HAL.o
 .bss           0x00000000        0x0 THUMB Flash Debug 160k/HAL.o
 .text.ResourceUnlockAll
                0x00000000       0x3c THUMB Flash Debug 160k/HAL.o
 .text.HAL_GetSecondsSinceBoot
                0x00000000       0x18 THUMB Flash Debug 160k/HAL.o
 .text.Test.5906
                0x00000000       0xa0 THUMB Flash Debug 160k/HAL.o
 .text.HAL_RAMTest
                0x00000000       0xfc THUMB Flash Debug 160k/HAL.o
 .text.HAL_SPIOpen
                0x00000000       0xcc THUMB Flash Debug 160k/HAL.o
 .text.HAL_SPIClose
                0x00000000       0x1c THUMB Flash Debug 160k/HAL.o
 .text.HAL_SPIConfig
                0x00000000       0x30 THUMB Flash Debug 160k/HAL.o
 .text.HAL_SPISendRecvByte
                0x00000000       0x50 THUMB Flash Debug 160k/HAL.o
 .text.HAL_SPISendRecv
                0x00000000       0x70 THUMB Flash Debug 160k/HAL.o
 .text.HAL_SPISend
                0x00000000       0x68 THUMB Flash Debug 160k/HAL.o
 .text.HAL_SPIRecv
                0x00000000       0x6c THUMB Flash Debug 160k/HAL.o
 .text          0x00000000        0x0 THUMB Flash Debug 160k/HALW5500.o
 .data          0x00000000        0x0 THUMB Flash Debug 160k/HALW5500.o
 .bss           0x00000000        0x0 THUMB Flash Debug 160k/HALW5500.o
 .text.Match.6214
                0x00000000       0x48 THUMB Flash Debug 160k/HALW5500.o
 .text.HALW5500_Config
                0x00000000       0xb4 THUMB Flash Debug 160k/HALW5500.o
 .text          0x00000000        0x0 THUMB Flash Debug 160k/HALLIS.o
 .data          0x00000000        0x0 THUMB Flash Debug 160k/HALLIS.o
 .bss           0x00000000        0x0 THUMB Flash Debug 160k/HALLIS.o
 .bss.accel     0x00000000       0x2c THUMB Flash Debug 160k/HALLIS.o
 .text.Write8Read8
                0x00000000       0x24 THUMB Flash Debug 160k/HALLIS.o
 .text.Write16Read8
                0x00000000       0x28 THUMB Flash Debug 160k/HALLIS.o
 .text.Write8   0x00000000       0x28 THUMB Flash Debug 160k/HALLIS.o
 .text.Read8    0x00000000       0x24 THUMB Flash Debug 160k/HALLIS.o
 .text.DivAbs16.5645
                0x00000000       0x44 THUMB Flash Debug 160k/HALLIS.o
 .text.HALLIS_Server1MS
                0x00000000      0x3a8 THUMB Flash Debug 160k/HALLIS.o
 .text.HALLIS_GetXYZ
                0x00000000       0x50 THUMB Flash Debug 160k/HALLIS.o
 .text.HALLIS_GetNoise
[...]
Memory Configuration

Name             Origin             Length             Attributes
UNPLACED_SECTIONS 0xffffffff         0x00000000         xw
CM3_System_Control_Space 0xe000e000         0x00001000         xw
SMCCS3           0x63000000         0x00000000         xw
SMCCS2           0x62000000         0x00000000         xw
SMCCS1           0x61000000         0x00000000         xw
SMCCS0           0x60000000         0x00000000         xw
Peripherals      0x40000000         0x20000000         xw
RAM              0x20000000         0x00028000         xw
FLASH            0x00400000         0x00100000         xr
*default*        0x00000000         0xffffffff

Linker script and memory map

                0x00444538                __do_debug_operation = __do_debug_operation_mempoll
                0x00442c10                __vfprintf = __vfprintf_double_long_long
                0x00443e40                __vfscanf = __vfscanf_double_long_long
                0xe000e000                __CM3_System_Control_Space_segment_start__ = 0xe000e000
                0xe000f000                __CM3_System_Control_Space_segment_end__ = 0xe000f000
                0x63000000                __SMCCS3_segment_start__ = 0x63000000
                0x63000000                __SMCCS3_segment_end__ = 0x63000000
                0x62000000                __SMCCS2_segment_start__ = 0x62000000
                0x62000000                __SMCCS2_segment_end__ = 0x62000000
                0x61000000                __SMCCS1_segment_start__ = 0x61000000
                0x61000000                __SMCCS1_segment_end__ = 0x61000000
                0x60000000                __SMCCS0_segment_start__ = 0x60000000
                0x60000000                __SMCCS0_segment_end__ = 0x60000000
                0x40000000                __Peripherals_segment_start__ = 0x40000000
                0x60000000                __Peripherals_segment_end__ = 0x60000000
                0x20000000                __RAM_segment_start__ = 0x20000000
                0x20028000                __RAM_segment_end__ = 0x20028000
                0x00400000                __FLASH_segment_start__ = 0x400000
                0x00500000                __FLASH_segment_end__ = 0x500000
                0x000088b8                __STACKSIZE__ = 0x88b8
                0x00000000                __STACKSIZE_PROCESS__ = 0x0
                0x00000000                __STACKSIZE_IRQ__ = 0x0
                0x00000000                __STACKSIZE_FIQ__ = 0x0
                0x00000000                __STACKSIZE_SVC__ = 0x0
                0x00000000                __STACKSIZE_ABT__ = 0x0
                0x00000000                __STACKSIZE_UND__ = 0x0
                0x0001d4c0                __HEAPSIZE__ = 0x1d4c0
                0x20000000                __vectors_ram_load_start__ = ALIGN (__RAM_segment_start__, 0x100)

.vectors_ram    0x20000000        0x0
                0x20000000                __vectors_ram_start__ = .
 *(.vectors_ram .vectors_ram.*)
                0x20000000                __vectors_ram_end__ = (__vectors_ram_start__ + SIZEOF (.vectors_ram))
                0x20000000                __vectors_ram_load_end__ = __vectors_ram_end__
                0x00000001                . = ASSERT (((__vectors_ram_end__ >= __RAM_segment_start__) && (__vectors_ram_end__ <= __RAM_segment_end__)), error: .vectors_ram is too large to fit in RAM memory segment)
                0x00400000                __vectors_load_start__ = ALIGN (__FLASH_segment_start__, 0x100)

.vectors        0x00400000       0xcc
                0x00400000                __vectors_start__ = .
 *(.vectors .vectors.*)
 .vectors       0x00400000       0xcc THUMB Flash Debug 160k/SAM_Startup.o
                0x00400000                _vectors
                0x004000cc                __vectors_end__ = (__vectors_start__ + SIZEOF (.vectors))
                0x004000cc                __vectors_load_end__ = __vectors_end__
                0x00000001                . = ASSERT (((__vectors_end__ >= __FLASH_segment_start__) && (__vectors_end__ <= __FLASH_segment_end__)), error: .vectors is too large to fit in FLASH memory segment)
                0x004000cc                __init_load_start__ = ALIGN (__vectors_end__, 0x4)

.init           0x004000cc      0x1c4
                0x004000cc                __init_start__ = .
 *(.init .init.*)
 .init          0x004000cc      0x140 THUMB Flash Debug 160k/thumb_crt0.o
                0x004000cc                _start
                0x00400172                exit
                0x00400196                __getchar
 .init          0x0040020c       0x84 THUMB Flash Debug 160k/SAM_Startup.o
                0x0040020c                reset_handler
                0x00400224                NMI_Handler
                0x00400228                MemManage_Handler
                0x0040022a                BusFault_Handler
                0x0040022c                UsageFault_Handler
                0x0040022e                SVC_Handler
                0x00400230                DebugMon_Handler
                0x00400232                PendSV_Handler
                0x00400236                SUPC_Handler
                0x00400238                RSTC_Handler
                0x0040023a                RTC_Handler
                0x0040023c                RTT_Handler
                0x0040023e                WDT_Handler
                0x00400240                PMC_Handler
                0x00400242                EFC_Handler
                0x00400248                SMC_Handler
                0x0040024e                PIOC_Handler
                0x00400250                USART0_Handler
                0x00400254                HSMCI_Handler
                0x00400256                TWI0_Handler
                0x00400258                TWI1_Handler
                0x0040025a                SPI_Handler
                0x0040025c                SSC_Handler
                0x00400260                TC1_Handler
                0x00400262                TC2_Handler
                0x00400264                TC3_Handler
                0x00400266                TC4_Handler
                0x00400268                TC5_Handler
                0x0040026a                ADC_Handler
                0x0040026c                DACC_Handler
                0x0040026e                PWM_Handler
                0x00400270                CRCCU_Handler
                0x00400272                ACC_Handler
                0x00400274                UDP_Handler
                0x00400276                reset_wait
                0x00400290                __init_end__ = (__init_start__ + SIZEOF (.init))
                0x00400290                __init_load_end__ = __init_end__
                0x00000001                . = ASSERT (((__init_end__ >= __FLASH_segment_start__) && (__init_end__ <= __FLASH_segment_end__)), error: .init is too large to fit in FLASH memory segment)
                0x00400290                __text_load_start__ = ALIGN (__init_end__, 0x4)

.text           0x00400290    0x443cc
                0x00400290                __text_start__ = .
 *(.text .text.* .glue_7t .glue_7 .gnu.linkonce.t.* .gcc_except_table .ARM.extab* .gnu.linkonce.armextab.*)
 .glue_7        0x00000000        0x0 linker stubs
 .glue_7t       0x00000000        0x0 linker stubs
 .text.__assert
                0x00400290       0x24 THUMB Flash Debug 160k/main.o
                0x00400290                __assert
 .text.ff_memalloc
                0x004002b4       0x2c THUMB Flash Debug 160k/main.o
                0x004002b4                ff_memalloc
 .text.ff_memfree
                0x004002e0       0x28 THUMB Flash Debug 160k/main.o
                0x004002e0                ff_memfree
 .text.FileExits
                0x00400308       0x3c THUMB Flash Debug 160k/main.o
                0x00400308                FileExits
 .text.LuaLibLevelSys_Register
                0x00400344       0x58 THUMB Flash Debug 160k/main.o
                0x00400344                LuaLibLevelSys_Register
 .text.main     0x0040039c      0x6fc THUMB Flash Debug 160k/main.o
                0x0040039c                main
 .text.DriveInformationTitle.6614
                0x00400a98       0x2c THUMB Flash Debug 160k/main.o
 .text.DriveInformationRow.6622
                0x00400ac4       0x64 THUMB Flash Debug 160k/main.o
 .text.HAL_ErrorToString
                0x00400b28      0x108 THUMB Flash Debug 160k/HAL.o
                0x00400b28                HAL_ErrorToString
 .text.ResourceIdToIndex
                0x00400c30       0x50 THUMB Flash Debug 160k/HAL.o
 .text.ResourceLock2
                0x00400c80       0xac THUMB Flash Debug 160k/HAL.o
 .text.ResourceLock1
                0x00400d2c       0x30 THUMB Flash Debug 160k/HAL.o
 .text.ResourceUnlock
                0x00400d5c       0x54 THUMB Flash Debug 160k/HAL.o
                0x00400d5c                ResourceUnlock
 .text.LEDAndDET
                0x00400db0       0x7c THUMB Flash Debug 160k/HAL.o
 .text.HAL_SysFatal
                0x00400e2c      0x220 THUMB Flash Debug 160k/HAL.o
                0x00400e2c                HAL_SysFatal
 .text.HAL_GetAreaUsage
                0x0040104c       0x74 THUMB Flash Debug 160k/HAL.o
 .text.HAL_GetStackUsage
                0x004010c0       0x20 THUMB Flash Debug 160k/HAL.o
                0x004010c0                HAL_GetStackUsage
 .text.____assert
                0x004010e0       0x30 THUMB Flash Debug 160k/HAL.o
                0x004010e0                ____assert
 .text.abort    0x00401110       0x10 THUMB Flash Debug 160k/HAL.o
                0x00401110                abort
 .text.HardFaultHandler2
                0x00401120      0x20c THUMB Flash Debug 160k/HAL.o
 .text.HardFault_Handler
                0x0040132c       0x1c THUMB Flash Debug 160k/HAL.o
                0x0040132c                HardFault_Handler
 .text.HAL_Reboot
                0x00401348       0x18 THUMB Flash Debug 160k/HAL.o
                0x00401348                HAL_Reboot
 .text.HAL_WatchdogInit
                0x00401360       0xd8 THUMB Flash Debug 160k/HAL.o
                0x00401360                HAL_WatchdogInit
 .text.HAL_WatchdogServe
                0x00401438       0x4c THUMB Flash Debug 160k/HAL.o
                0x00401438                HAL_WatchdogServe
 .text.HAL_TickIsTicked
                0x00401484       0x54 THUMB Flash Debug 160k/HAL.o
                0x00401484                HAL_TickIsTicked
 .text.HAL_TickGetElapsedTime
                0x004014d8       0x68 THUMB Flash Debug 160k/HAL.o
                0x004014d8                HAL_TickGetElapsedTime
 .text.HAL_SysLED
                0x00401540       0x30 THUMB Flash Debug 160k/HAL.o
                0x00401540                HAL_SysLED
 .text.IAP      0x00401570       0x38 THUMB Flash Debug 160k/HAL.o
                0x00401570                IAP
 .text.HAL_DelayMS
                0x004015a8       0x30 THUMB Flash Debug 160k/HAL.o
                0x004015a8                HAL_DelayMS
 .text.HAL_DelayUS
                0x004015d8       0x74 THUMB Flash Debug 160k/HAL.o
                0x004015d8                HAL_DelayUS
 .text.HAL_GetSDCardState
                0x0040164c       0x44 THUMB Flash Debug 160k/HAL.o
                0x0040164c                HAL_GetSDCardState
 .text.HAL_SysTickInit
                0x00401690       0x9c THUMB Flash Debug 160k/HAL.o
 .text.SysTick_Handler
                0x0040172c      0x308 THUMB Flash Debug 160k/HAL.o
                0x0040172c                SysTick_Handler
 .text.HAL_SysLEDInit
                0x00401a34       0x1c THUMB Flash Debug 160k/HAL.o
 .text.HAL_SPIEthInit
                0x00401a50       0xb0 THUMB Flash Debug 160k/HAL.o
 .text.HAL_SPIEthWriteRead
                0x00401b00       0x74 THUMB Flash Debug 160k/HAL.o
                0x00401b00                HAL_SPIEthWriteRead
 .text.HAL_EthInit
                0x00401b74       0x48 THUMB Flash Debug 160k/HAL.o
                0x00401b74                HAL_EthInit
 .text.HAL_EthReset
                0x00401bbc       0x7c THUMB Flash Debug 160k/HAL.o
                0x00401bbc                HAL_EthReset
 .text.HAL_EthCS0
                0x00401c38       0x18 THUMB Flash Debug 160k/HAL.o
                0x00401c38                HAL_EthCS0
 .text.HAL_EthCS1
                0x00401c50       0x18 THUMB Flash Debug 160k/HAL.o
                0x00401c50                HAL_EthCS1
 .text.HAL_ATSHA204Init
                0x00401c68       0xd0 THUMB Flash Debug 160k/HAL.o
 .text.HAL_SHA204Send
                0x00401d38       0xdc THUMB Flash Debug 160k/HAL.o
                0x00401d38                HAL_SHA204Send
 .text.HAL_SHA204Recv
                0x00401e14      0x138 THUMB Flash Debug 160k/HAL.o
                0x00401e14                HAL_SHA204Recv
 .text.HAL_SHA204SignalPin
                0x00401f4c       0x5c THUMB Flash Debug 160k/HAL.o
                0x00401f4c                HAL_SHA204SignalPin
 .text.clock    0x00401fa8       0x20 THUMB Flash Debug 160k/HAL.o
                0x00401fa8                clock
 .text.__putchar
                0x00401fc8       0x8c THUMB Flash Debug 160k/HAL.o
                0x00401fc8                __putchar
 .text.HAL_GetPinPio
                0x00402054       0x34 THUMB Flash Debug 160k/HAL.o
                0x00402054                HAL_GetPinPio
 .text.HAL_GetPinMask
                0x00402088       0x24 THUMB Flash Debug 160k/HAL.o
                0x00402088                HAL_GetPinMask
 .text.HAL_PinGetNames
                0x004020ac       0x14 THUMB Flash Debug 160k/HAL.o
                0x004020ac                HAL_PinGetNames
 .text.HAL_PinNameToId
                0x004020c0       0x9c THUMB Flash Debug 160k/HAL.o
                0x004020c0                HAL_PinNameToId
 .text.Match.6033
                0x0040215c       0x48 THUMB Flash Debug 160k/HAL.o
 .text.HAL_PinConfig
                0x004021a4      0x1a4 THUMB Flash Debug 160k/HAL.o
                0x004021a4                HAL_PinConfig
 .text.HAL_PinSet
                0x00402348       0x48 THUMB Flash Debug 160k/HAL.o
                0x00402348                HAL_PinSet
 .text.HAL_PinGet
                0x00402390       0x44 THUMB Flash Debug 160k/HAL.o
                0x00402390                HAL_PinGet
 .text.HAL_SerialInit
                0x004023d4       0x90 THUMB Flash Debug 160k/HAL.o
                0x004023d4                HAL_SerialInit
 .text.OpenUSART.6061
                0x00402464       0x88 THUMB Flash Debug 160k/HAL.o
 .text.HAL_SerialOpen
                0x004024ec      0x184 THUMB Flash Debug 160k/HAL.o
                0x004024ec                HAL_SerialOpen
 .text.OpenUART.6064
                0x00402670       0x60 THUMB Flash Debug 160k/HAL.o
 .text.HAL_SerialClose
                0x004026d0       0x90 THUMB Flash Debug 160k/HAL.o
                0x004026d0                HAL_SerialClose
 .text.Match.6090
                0x00402760       0x48 THUMB Flash Debug 160k/HAL.o
 .text.HAL_SerialConfig
                0x004027a8       0x9c THUMB Flash Debug 160k/HAL.o
                0x004027a8                HAL_SerialConfig
 .text.Config.6094
                0x00402844      0x220 THUMB Flash Debug 160k/HAL.o
 .text.Send.6114
                0x00402a64       0xc4 THUMB Flash Debug 160k/HAL.o
 .text.HAL_SerialSend
                0x00402b28      0x13c THUMB Flash Debug 160k/HAL.o
                0x00402b28                HAL_SerialSend
 .text.HAL_SerialRecv
                0x00402c64      0x110 THUMB Flash Debug 160k/HAL.o
                0x00402c64                HAL_SerialRecv
 .text.SerialPushRecv
                0x00402d74       0x44 THUMB Flash Debug 160k/HAL.o
 .text.USART1_Handler
                0x00402db8      0x118 THUMB Flash Debug 160k/HAL.o
                0x00402db8                USART1_Handler
 .text.UART0_Handler
                0x00402ed0       0x54 THUMB Flash Debug 160k/HAL.o
                0x00402ed0                UART0_Handler
 .text.UART1_Handler
                0x00402f24       0x54 THUMB Flash Debug 160k/HAL.o
                0x00402f24                UART1_Handler
 .text.I2CCalcBaudrate
                0x00402f78       0x94 THUMB Flash Debug 160k/HAL.o
 .text.I2CReset
                0x0040300c       0x54 THUMB Flash Debug 160k/HAL.o
 .text.HAL_I2COpen
                0x00403060       0xbc THUMB Flash Debug 160k/HAL.o
                0x00403060                HAL_I2COpen
 .text.HAL_I2CClose
                0x0040311c       0x30 THUMB Flash Debug 160k/HAL.o
                0x0040311c                HAL_I2CClose
 *fill*         0x0040314c        0x4 00
 .text.HAL_I2CConfig
                0x00403150       0xe8 THUMB Flash Debug 160k/HAL.o
                0x00403150                HAL_I2CConfig
 .text.HAL_I2CExist
                0x00403238      0x104 THUMB Flash Debug 160k/HAL.o
                0x00403238                HAL_I2CExist
 .text.HAL_I2CSend
                0x0040333c      0x180 THUMB Flash Debug 160k/HAL.o
                0x0040333c                HAL_I2CSend
 .text.HAL_I2CRecv
                0x004034bc      0x19c THUMB Flash Debug 160k/HAL.o
                0x004034bc                HAL_I2CRecv
 .text.HAL_EVEOpen
                0x00403658      0x160 THUMB Flash Debug 160k/HAL.o
                0x00403658                HAL_EVEOpen
 .text.HAL_EVEClose
                0x004037b8       0x1c THUMB Flash Debug 160k/HAL.o
                0x004037b8                HAL_EVEClose
 .text.HAL_EVESetSpeed
                0x004037d4       0x5c THUMB Flash Debug 160k/HAL.o
                0x004037d4                HAL_EVESetSpeed
 .text.HAL_EVETransferBegin
                0x00403830       0x2c THUMB Flash Debug 160k/HAL.o
                0x00403830                HAL_EVETransferBegin
 .text.HAL_EVETransfer
                0x0040385c       0x58 THUMB Flash Debug 160k/HAL.o
                0x0040385c                HAL_EVETransfer
 .text.HAL_EVETransferEnd
                0x004038b4       0x18 THUMB Flash Debug 160k/HAL.o
                0x004038b4                HAL_EVETransferEnd
 *fill*         0x004038cc        0x4 00
 .text.HAL_SoftPWMInit
                0x004038d0      0x1b8 THUMB Flash Debug 160k/HAL.o
                0x004038d0                HAL_SoftPWMInit
 .text.HAL_SoftPWMDeinit
                0x00403a88       0x28 THUMB Flash Debug 160k/HAL.o
                0x00403a88                HAL_SoftPWMDeinit
 .text.HAL_SoftPWMConfig
                0x00403ab0       0x90 THUMB Flash Debug 160k/HAL.o
                0x00403ab0                HAL_SoftPWMConfig
 .text.HAL_SoftPWMSet
                0x00403b40       0x84 THUMB Flash Debug 160k/HAL.o
                0x00403b40                HAL_SoftPWMSet
 .text.TC0_Handler
                0x00403bc4       0xbc THUMB Flash Debug 160k/HAL.o
                0x00403bc4                TC0_Handler
 .text.SoftCountFind
                0x00403c80       0x60 THUMB Flash Debug 160k/HAL.o
 .text.SoftCountFindFree
                0x00403ce0       0x58 THUMB Flash Debug 160k/HAL.o
 .text.HAL_SoftCounterInit
                0x00403d38       0x2c THUMB Flash Debug 160k/HAL.o
                0x00403d38                HAL_SoftCounterInit
 .text.HAL_SoftCounterDeinit
                0x00403d64       0x7c THUMB Flash Debug 160k/HAL.o
                0x00403d64                HAL_SoftCounterDeinit
 .text.Match.6381
                0x00403de0       0x48 THUMB Flash Debug 160k/HAL.o
 .text.HAL_SoftCounterConfig
                0x00403e28      0x130 THUMB Flash Debug 160k/HAL.o
                0x00403e28                HAL_SoftCounterConfig
 .text.HAL_SoftCounterGet
                0x00403f58       0x5c THUMB Flash Debug 160k/HAL.o
                0x00403f58                HAL_SoftCounterGet
 .text.PIOA_Handler
                0x00403fb4       0x80 THUMB Flash Debug 160k/HAL.o
                0x00403fb4                PIOA_Handler
 .text.PIOB_Handler
                0x00404034       0x80 THUMB Flash Debug 160k/HAL.o
                0x00404034                PIOB_Handler
 .text.HAL_ADCInit
                0x004040b4      0x10c THUMB Flash Debug 160k/HAL.o
                0x004040b4                HAL_ADCInit
 .text.HAL_ADCDeinit
                0x004041c0       0x18 THUMB Flash Debug 160k/HAL.o
                0x004041c0                HAL_ADCDeinit
 .text.Match.6424
                0x004041d8       0x48 THUMB Flash Debug 160k/HAL.o
 .text.HAL_ADCConfig
                0x00404220      0x250 THUMB Flash Debug 160k/HAL.o
                0x00404220                HAL_ADCConfig
 .text.Mask2.6428
                0x00404470       0x28 THUMB Flash Debug 160k/HAL.o
 .text.HAL_ADCGet
                0x00404498       0x94 THUMB Flash Debug 160k/HAL.o
                0x00404498                HAL_ADCGet
 .text.HAL_ADCGetAll
                0x0040452c       0x84 THUMB Flash Debug 160k/HAL.o
                0x0040452c                HAL_ADCGetAll
 .text.HAL_Init
                0x004045b0      0x1d8 THUMB Flash Debug 160k/HAL.o
                0x004045b0                HAL_Init
 .text.HALW5500_Read
                0x00404788       0x14 THUMB Flash Debug 160k/HALW5500.o
 .text.HALW5500_Write
                0x0040479c       0x1c THUMB Flash Debug 160k/HALW5500.o
 .text.HALW5500_Init
                0x004047b8       0xe4 THUMB Flash Debug 160k/HALW5500.o
                0x004047b8                HALW5500_Init
 .text.HALW5500_IsLinkUp
                0x0040489c       0x2c THUMB Flash Debug 160k/HALW5500.o
                0x0040489c                HALW5500_IsLinkUp
 .text.HALW5500_WaitForLinkUp
                0x004048c8       0x84 THUMB Flash Debug 160k/HALW5500.o
                0x004048c8                HALW5500_WaitForLinkUp
 .text.HALW5500_SetIP
                0x0040494c       0x80 THUMB Flash Debug 160k/HALW5500.o
                0x0040494c                HALW5500_SetIP
 .text.HALW5500_SetGateway
                0x004049cc       0x50 THUMB Flash Debug 160k/HALW5500.o
                0x004049cc                HALW5500_SetGateway
 .text.WaitForStatusReady
                0x00404a1c       0x64 THUMB Flash Debug 160k/HALHSMCI.o
 .text.SendCommand
                0x00404a80       0x2c THUMB Flash Debug 160k/HALHSMCI.o
 .text.GetResponse48
                0x00404aac       0x54 THUMB Flash Debug 160k/HALHSMCI.o
 .text.GetResponse136
                0x00404b00       0x54 THUMB Flash Debug 160k/HALHSMCI.o
 .text.SendCMD0
                0x00404b54       0x18 THUMB Flash Debug 160k/HALHSMCI.o
                0x00404b54                SendCMD0
 .text.SendCMD2
                0x00404b6c       0x2c THUMB Flash Debug 160k/HALHSMCI.o
                0x00404b6c                SendCMD2
 .text.SendCMD3
                0x00404b98       0x40 THUMB Flash Debug 160k/HALHSMCI.o
                0x00404b98                SendCMD3
 .text.SendCMD8
                0x00404bd8       0x4c THUMB Flash Debug 160k/HALHSMCI.o
                0x00404bd8                SendCMD8
 .text.SendCMD9
                0x00404c24        0xc THUMB Flash Debug 160k/HALHSMCI.o
                0x00404c24                SendCMD9
 .text.SendCMD55
                0x00404c30       0x3c THUMB Flash Debug 160k/HALHSMCI.o
                0x00404c30                SendCMD55
 .text.SendACMD41
                0x00404c6c       0x58 THUMB Flash Debug 160k/HALHSMCI.o
                0x00404c6c                SendACMD41
 .text.WaitForReady
                0x00404cc4       0x68 THUMB Flash Debug 160k/HALHSMCI.o
 .text.CardInit
                0x00404d2c      0x260 THUMB Flash Debug 160k/HALHSMCI.o
 .text.ReadStatus
                0x00404f8c       0x34 THUMB Flash Debug 160k/HALHSMCI.o
 .text.ReadBlocksDMA
                0x00404fc0       0xb4 THUMB Flash Debug 160k/HALHSMCI.o
 .text.WriteBlocksDMA
                0x00405074       0xe8 THUMB Flash Debug 160k/HALHSMCI.o
 .text.HALHSMCI_Init
                0x0040515c       0xdc THUMB Flash Debug 160k/HALHSMCI.o
                0x0040515c                HALHSMCI_Init
 .text.HALHSMCI_WriteBlocks
                0x00405238       0x70 THUMB Flash Debug 160k/HALHSMCI.o
                0x00405238                HALHSMCI_WriteBlocks
 .text.HALHSMCI_ReadBlocks
                0x004052a8       0x80 THUMB Flash Debug 160k/HALHSMCI.o
                0x004052a8                HALHSMCI_ReadBlocks
 .text.WIZCHIP_READ
                0x00405328       0x9c THUMB Flash Debug 160k/w5500.o
                0x00405328                WIZCHIP_READ
 .text.WIZCHIP_WRITE
                0x004053c4       0xa4 THUMB Flash Debug 160k/w5500.o
                0x004053c4                WIZCHIP_WRITE
 .text.WIZCHIP_READ_BUF
                0x00405468       0xc8 THUMB Flash Debug 160k/w5500.o
                0x00405468                WIZCHIP_READ_BUF
 .text.WIZCHIP_WRITE_BUF
                0x00405530       0xd0 THUMB Flash Debug 160k/w5500.o
                0x00405530                WIZCHIP_WRITE_BUF
 .text.getSn_TX_FSR
                0x00405600       0xb4 THUMB Flash Debug 160k/w5500.o
                0x00405600                getSn_TX_FSR
 .text.getSn_RX_RSR
                0x004056b4       0xb4 THUMB Flash Debug 160k/w5500.o
                0x004056b4                getSn_RX_RSR
 .text.wiz_send_data
                0x00405768       0xe0 THUMB Flash Debug 160k/w5500.o
                0x00405768                wiz_send_data
 .text.wiz_recv_data
                0x00405848       0xe0 THUMB Flash Debug 160k/w5500.o
                0x00405848                wiz_recv_data
 .text.wiz_recv_ignore
                0x00405928       0xa8 THUMB Flash Debug 160k/w5500.o
                0x00405928                wiz_recv_ignore
 .text.socket   0x004059d0      0x240 THUMB Flash Debug 160k/socket.o
                0x004059d0                socket
 .text.close    0x00405c10       0xf0 THUMB Flash Debug 160k/socket.o
                0x00405c10                close
 .text.listen   0x00405d00       0xf8 THUMB Flash Debug 160k/socket.o
                0x00405d00                listen
 .text.connect  0x00405df8      0x1f4 THUMB Flash Debug 160k/socket.o
                0x00405df8                connect
 .text.disconnect
                0x00405fec      0x128 THUMB Flash Debug 160k/socket.o
                0x00405fec                disconnect
 .text.send     0x00406114      0x25c THUMB Flash Debug 160k/socket.o
                0x00406114                send
 .text.recv     0x00406370      0x1a0 THUMB Flash Debug 160k/socket.o
                0x00406370                recv
 .text.sendto   0x00406510      0x2ac THUMB Flash Debug 160k/socket.o
                0x00406510                sendto
 .text.recvfrom
                0x004067bc      0x3dc THUMB Flash Debug 160k/socket.o
                0x004067bc                recvfrom
 .text.wizchip_cris_enter
                0x00406b98        0xc THUMB Flash Debug 160k/wizchip_conf.o
                0x00406b98                wizchip_cris_enter
 .text.wizchip_cris_exit
                0x00406ba4        0xc THUMB Flash Debug 160k/wizchip_conf.o
                0x00406ba4                wizchip_cris_exit
 .text.wizchip_cs_select
                0x00406bb0        0xc THUMB Flash Debug 160k/wizchip_conf.o
                0x00406bb0                wizchip_cs_select
 .text.wizchip_cs_deselect
                0x00406bbc        0xc THUMB Flash Debug 160k/wizchip_conf.o
                0x00406bbc                wizchip_cs_deselect
 .text.wizchip_bus_readbyte
                0x00406bc8       0x1c THUMB Flash Debug 160k/wizchip_conf.o
                0x00406bc8                wizchip_bus_readbyte
 .text.wizchip_bus_writebyte
                0x00406be4       0x1c THUMB Flash Debug 160k/wizchip_conf.o
                0x00406be4                wizchip_bus_writebyte
 .text.wizchip_spi_readbyte
                0x00406c00       0x10 THUMB Flash Debug 160k/wizchip_conf.o
                0x00406c00                wizchip_spi_readbyte
 .text.wizchip_spi_writebyte
                0x00406c10       0x14 THUMB Flash Debug 160k/wizchip_conf.o
                0x00406c10                wizchip_spi_writebyte
 .text.reg_wizchip_cs_cbfunc
                0x00406c24       0x60 THUMB Flash Debug 160k/wizchip_conf.o
                0x00406c24                reg_wizchip_cs_cbfunc
 .text.reg_wizchip_spi_cbfunc
                0x00406c84       0x74 THUMB Flash Debug 160k/wizchip_conf.o
                0x00406c84                reg_wizchip_spi_cbfunc
 .text.ctlwizchip
                0x00406cf8      0x1ec THUMB Flash Debug 160k/wizchip_conf.o
                0x00406cf8                ctlwizchip
 .text.ctlnetwork
                0x00406ee4       0x84 THUMB Flash Debug 160k/wizchip_conf.o
                0x00406ee4                ctlnetwork
 .text.wizchip_sw_reset
                0x00406f68       0xb4 THUMB Flash Debug 160k/wizchip_conf.o
                0x00406f68                wizchip_sw_reset
 .text.wizchip_init
                0x0040701c      0x12c THUMB Flash Debug 160k/wizchip_conf.o
                0x0040701c                wizchip_init
 .text.wizchip_clrinterrupt
                0x00407148       0x40 THUMB Flash Debug 160k/wizchip_conf.o
                0x00407148                wizchip_clrinterrupt
 .text.wizchip_getinterrupt
                0x00407188       0x54 THUMB Flash Debug 160k/wizchip_conf.o
                0x00407188                wizchip_getinterrupt
 .text.wizchip_setinterruptmask
                0x004071dc       0x38 THUMB Flash Debug 160k/wizchip_conf.o
                0x004071dc                wizchip_setinterruptmask
 .text.wizchip_getinterruptmask
                0x00407214       0x50 THUMB Flash Debug 160k/wizchip_conf.o
                0x00407214                wizchip_getinterruptmask
 .text.wizphy_getphylink
                0x00407264       0x38 THUMB Flash Debug 160k/wizchip_conf.o
                0x00407264                wizphy_getphylink
 .text.wizphy_getphypmode
                0x0040729c       0x3c THUMB Flash Debug 160k/wizchip_conf.o
                0x0040729c                wizphy_getphypmode
 .text.wizphy_reset
                0x004072d8       0x50 THUMB Flash Debug 160k/wizchip_conf.o
                0x004072d8                wizphy_reset
 .text.wizphy_setphyconf
                0x00407328       0x88 THUMB Flash Debug 160k/wizchip_conf.o
                0x00407328                wizphy_setphyconf
 .text.wizphy_getphyconf
                0x004073b0       0xc8 THUMB Flash Debug 160k/wizchip_conf.o
                0x004073b0                wizphy_getphyconf
 .text.wizphy_setphypmode
                0x00407478       0xa0 THUMB Flash Debug 160k/wizchip_conf.o
                0x00407478                wizphy_setphypmode
 .text.wizchip_setnetinfo
                0x00407518       0xa4 THUMB Flash Debug 160k/wizchip_conf.o
                0x00407518                wizchip_setnetinfo
 .text.wizchip_getnetinfo
                0x004075bc       0xa4 THUMB Flash Debug 160k/wizchip_conf.o
                0x004075bc                wizchip_getnetinfo
 .text.wizchip_setnetmode
                0x00407660       0x50 THUMB Flash Debug 160k/wizchip_conf.o
                0x00407660                wizchip_setnetmode
 .text.wizchip_getnetmode
                0x004076b0       0x14 THUMB Flash Debug 160k/wizchip_conf.o
                0x004076b0                wizchip_getnetmode
 .text.wizchip_settimeout
                0x004076c4       0x44 THUMB Flash Debug 160k/wizchip_conf.o
                0x004076c4                wizchip_settimeout
 .text.wizchip_gettimeout
                0x00407708       0x44 THUMB Flash Debug 160k/wizchip_conf.o
                0x00407708                wizchip_gettimeout
 .text.random   0x0040774c       0x3c THUMB Flash Debug 160k/ZeroConf.o
 .text.DoARPProbe
                0x00407788      0x2c4 THUMB Flash Debug 160k/ZeroConf.o
 .text.ZeroConfig2
                0x00407a4c      0x174 THUMB Flash Debug 160k/ZeroConf.o
 .text.ZeroConfig
                0x00407bc0       0x40 THUMB Flash Debug 160k/ZeroConf.o
                0x00407bc0                ZeroConfig
 .text.Malloc   0x00407c00       0xa0 THUMB Flash Debug 160k/Memory.o
 .text.Realloc  0x00407ca0       0xc4 THUMB Flash Debug 160k/Memory.o
 .text.Free     0x00407d64       0x1c THUMB Flash Debug 160k/Memory.o
 .text.Memory_Init
                0x00407d80       0x1c THUMB Flash Debug 160k/Memory.o
                0x00407d80                Memory_Init
 .text.Memory_StartTracker
                0x00407d9c       0x18 THUMB Flash Debug 160k/Memory.o
                0x00407d9c                Memory_StartTracker
 .text.__Memory_Allocate
                0x00407db4       0x98 THUMB Flash Debug 160k/Memory.o
                0x00407db4                __Memory_Allocate
 .text.Memory_AllocLuaVM
                0x00407e4c       0x4c THUMB Flash Debug 160k/Memory.o
                0x00407e4c                Memory_AllocLuaVM
 .text.__Memory_Free
                0x00407e98       0x28 THUMB Flash Debug 160k/Memory.o
                0x00407e98                __Memory_Free
 .text.Memory_FreeLuaVM
                0x00407ec0       0x34 THUMB Flash Debug 160k/Memory.o
                0x00407ec0                Memory_FreeLuaVM
 .text.Memory_Dump
                0x00407ef4       0x68 THUMB Flash Debug 160k/Memory.o
                0x00407ef4                Memory_Dump
 .text.Transfer2
                0x00407f5c       0xd8 THUMB Flash Debug 160k/TFTPBoot.o
 .text.Transfer
                0x00408034       0x7c THUMB Flash Debug 160k/TFTPBoot.o
 .text.FirstPacket
                0x004080b0       0xa0 THUMB Flash Debug 160k/TFTPBoot.o
 .text.NextPacket
                0x00408150       0x30 THUMB Flash Debug 160k/TFTPBoot.o
 .text.ErrorPacket
                0x00408180       0x64 THUMB Flash Debug 160k/TFTPBoot.o
 .text.TFTPBoot_GetFlashImageAddress
                0x004081e4       0x1c THUMB Flash Debug 160k/TFTPBoot.o
                0x004081e4                TFTPBoot_GetFlashImageAddress
 .text.WriteFlash
                0x00408200       0xe4 THUMB Flash Debug 160k/TFTPBoot.o
 .text.Do.6563  0x004082e4      0x104 THUMB Flash Debug 160k/TFTPBoot.o
 .text.TFTPBoot_Flash
                0x004083e8       0x78 THUMB Flash Debug 160k/TFTPBoot.o
                0x004083e8                TFTPBoot_Flash
 .text.Do.6582  0x00408460      0x34c THUMB Flash Debug 160k/TFTPBoot.o
 .text.TFTPBoot_SDCard
                0x004087ac       0xac THUMB Flash Debug 160k/TFTPBoot.o
                0x004087ac                TFTPBoot_SDCard
 .text.TFTPBoot_ErrorToString
                0x00408858       0x98 THUMB Flash Debug 160k/TFTPBoot.o
                0x00408858                TFTPBoot_ErrorToString
 .text.SysLog_Init
                0x004088f0       0x34 THUMB Flash Debug 160k/SysLog.o
                0x004088f0                SysLog_Init
 .text.SysLog_Config
                0x00408924       0x58 THUMB Flash Debug 160k/SysLog.o
                0x00408924                SysLog_Config
 .text.SysLog_Send
                0x0040897c       0x80 THUMB Flash Debug 160k/SysLog.o
                0x0040897c                SysLog_Send
 .text.sha204e_lock_data_zone
                0x004089fc       0x54 THUMB Flash Debug 160k/ATSHA204.o
                0x004089fc                sha204e_lock_data_zone
 .text.ATSHA204_Init
                0x00408a50        0xc THUMB Flash Debug 160k/ATSHA204.o
                0x00408a50                ATSHA204_Init
 .text.ATSHA204_GetSerialNumber
                0x00408a5c       0x70 THUMB Flash Debug 160k/ATSHA204.o
                0x00408a5c                ATSHA204_GetSerialNumber
 .text.IdToHandle
                0x00408acc       0x24 THUMB Flash Debug 160k/LuaLibPin.o
 .text.LuaLibPin_ToId
                0x00408af0       0x60 THUMB Flash Debug 160k/LuaLibPin.o
                0x00408af0                LuaLibPin_ToId
 .text.LuaConfig
                0x00408b50       0xe4 THUMB Flash Debug 160k/LuaLibPin.o
 .text.LuaSet   0x00408c34       0x6c THUMB Flash Debug 160k/LuaLibPin.o
 .text.LuaGet   0x00408ca0       0x64 THUMB Flash Debug 160k/LuaLibPin.o
 .text.LuaGetNames
                0x00408d04       0x34 THUMB Flash Debug 160k/LuaLibPin.o
 .text.LuaLibPin_Register
                0x00408d38       0x30 THUMB Flash Debug 160k/LuaLibPin.o
                0x00408d38                LuaLibPin_Register
 .text.ExpandUsageToBuffer
                0x00408d68      0x3c8 THUMB Flash Debug 160k/LuaLibUtils.o
 .text.LuaUtils_SetStopOnError
                0x00409130       0x20 THUMB Flash Debug 160k/LuaLibUtils.o
                0x00409130                LuaUtils_SetStopOnError
 .text.LuaUtils_DumpTable
                0x00409150      0x1b8 THUMB Flash Debug 160k/LuaLibUtils.o
                0x00409150                LuaUtils_DumpTable
 .text.LuaUtils_CheckParameter1
                0x00409308       0x40 THUMB Flash Debug 160k/LuaLibUtils.o
                0x00409308                LuaUtils_CheckParameter1
 .text.LuaUtils_CheckParameter2
                0x00409348       0x54 THUMB Flash Debug 160k/LuaLibUtils.o
                0x00409348                LuaUtils_CheckParameter2
 .text.LuaUtils_Error
                0x0040939c       0x64 THUMB Flash Debug 160k/LuaLibUtils.o
                0x0040939c                LuaUtils_Error
 .text.LuaUtils_Introduce
                0x00409400      0xe38 THUMB Flash Debug 160k/LuaLibUtils.o
                0x00409400                LuaUtils_Introduce
 .text.LuaUtils_Register
                0x0040a238      0x158 THUMB Flash Debug 160k/LuaLibUtils.o
                0x0040a238                LuaUtils_Register
 .text.LuaOpen  0x0040a390       0xe0 THUMB Flash Debug 160k/LuaLibSerial.o
 .text.LuaClose
                0x0040a470       0x44 THUMB Flash Debug 160k/LuaLibSerial.o
 .text.LuaSend  0x0040a4b4       0x8c THUMB Flash Debug 160k/LuaLibSerial.o
 .text.LuaRecv  0x0040a540      0x178 THUMB Flash Debug 160k/LuaLibSerial.o
 .text.LuaLibSerial_Register
                0x0040a6b8       0x30 THUMB Flash Debug 160k/LuaLibSerial.o
                0x0040a6b8                LuaLibSerial_Register
 .text.LuaInfo  0x0040a6e8       0x9c THUMB Flash Debug 160k/LuaLibSys.o
 .text.LuaDescription
                0x0040a784       0x38 THUMB Flash Debug 160k/LuaLibSys.o
 .text.LuaStop  0x0040a7bc       0x28 THUMB Flash Debug 160k/LuaLibSys.o
 .text.LuaRestart
                0x0040a7e4       0x28 THUMB Flash Debug 160k/LuaLibSys.o
 .text.LuaReboot
                0x0040a80c       0x28 THUMB Flash Debug 160k/LuaLibSys.o
 .text.LuaNorm  0x0040a834      0x15c THUMB Flash Debug 160k/LuaLibSys.o
 .text.LuaSleep
                0x0040a990       0x90 THUMB Flash Debug 160k/LuaLibSys.o
 .text.LuaSetStopOnError
                0x0040aa20       0x3c THUMB Flash Debug 160k/LuaLibSys.o
 .text.LuaIsTicked
                0x0040aa5c       0x5c THUMB Flash Debug 160k/LuaLibSys.o
 .text.LuaShow  0x0040aab8       0x3c THUMB Flash Debug 160k/LuaLibSys.o
 .text.LuaWatchdogInit
                0x0040aaf4       0x70 THUMB Flash Debug 160k/LuaLibSys.o
 .text.LuaWatchdogServe
                0x0040ab64       0x34 THUMB Flash Debug 160k/LuaLibSys.o
 .text.LuaLibSys_Register
                0x0040ab98       0x2c THUMB Flash Debug 160k/LuaLibSys.o
                0x0040ab98                LuaLibSys_Register
 *fill*         0x0040abc4        0x4 00
 .text.Number01ToByte
                0x0040abc8       0xa0 THUMB Flash Debug 160k/LuaLibWS2812.o
 .text.LuaSend  0x0040ac68      0x370 THUMB Flash Debug 160k/LuaLibWS2812.o
 .text.LuaLibWS2812_Register
                0x0040afd8       0x30 THUMB Flash Debug 160k/LuaLibWS2812.o
                0x0040afd8                LuaLibWS2812_Register
 .text.GetLinkFlag
                0x0040b008       0x1c THUMB Flash Debug 160k/LuaLibW5500.o
                0x0040b008                GetLinkFlag
 .text.GetSocket
                0x0040b024       0x60 THUMB Flash Debug 160k/LuaLibW5500.o
                0x0040b024                GetSocket
 .text.PushHandler5Parameter
                0x0040b084       0x58 THUMB Flash Debug 160k/LuaLibW5500.o
 .text.PushHandler2Parameter
                0x0040b0dc       0x30 THUMB Flash Debug 160k/LuaLibW5500.o
 .text.StatusToString
                0x0040b10c      0x1bc THUMB Flash Debug 160k/LuaLibW5500.o
 .text.Add.6957
                0x0040b2c8       0x34 THUMB Flash Debug 160k/LuaLibW5500.o
 .text.EventsToString
                0x0040b2fc       0xe8 THUMB Flash Debug 160k/LuaLibW5500.o
 .text.ErrorCode
                0x0040b3e4      0x118 THUMB Flash Debug 160k/LuaLibW5500.o
 .text.HandelSocket
                0x0040b4fc       0xf8 THUMB Flash Debug 160k/LuaLibW5500.o
 .text.LuaLibW5500_Init
                0x0040b5f4       0x44 THUMB Flash Debug 160k/LuaLibW5500.o
                0x0040b5f4                LuaLibW5500_Init
 .text.LuaLibW5500_GetFreeSocket
                0x0040b638       0x70 THUMB Flash Debug 160k/LuaLibW5500.o
                0x0040b638                LuaLibW5500_GetFreeSocket
 .text.LuaLibW5500_GetSocket0
                0x0040b6a8       0x34 THUMB Flash Debug 160k/LuaLibW5500.o
                0x0040b6a8                LuaLibW5500_GetSocket0
 .text.LuaLibW5500_FreeSocket
                0x0040b6dc       0x40 THUMB Flash Debug 160k/LuaLibW5500.o
                0x0040b6dc                LuaLibW5500_FreeSocket
 .text.ChangeEndian16
                0x0040b71c       0x30 THUMB Flash Debug 160k/LuaLibW5500.o
                0x0040b71c                ChangeEndian16
 .text.IsSpecialIP
                0x0040b74c       0x30 THUMB Flash Debug 160k/LuaLibW5500.o
 .text.StringToIP
                0x0040b77c      0x160 THUMB Flash Debug 160k/LuaLibW5500.o
                0x0040b77c                StringToIP
 .text.IPToString
                0x0040b8dc       0x44 THUMB Flash Debug 160k/LuaLibW5500.o
                0x0040b8dc                IPToString
 .text.MACToSTring
                0x0040b920       0x50 THUMB Flash Debug 160k/LuaLibW5500.o
                0x0040b920                MACToSTring
 .text.LuaSetIP
                0x0040b970       0xa4 THUMB Flash Debug 160k/LuaLibW5500.o
 .text.LuaSetGateway
                0x0040ba14       0x6c THUMB Flash Debug 160k/LuaLibW5500.o
 .text.LuaServe
                0x0040ba80      0x144 THUMB Flash Debug 160k/LuaLibW5500.o
 .text.LuaStringToIP
                0x0040bbc4       0x6c THUMB Flash Debug 160k/LuaLibW5500.o
 .text.LuaIPToString
                0x0040bc30       0x58 THUMB Flash Debug 160k/LuaLibW5500.o
 .text.LuaStatusToString
                0x0040bc88       0x48 THUMB Flash Debug 160k/LuaLibW5500.o
 .text.LuaEventsToString
                0x0040bcd0       0x50 THUMB Flash Debug 160k/LuaLibW5500.o
 .text.LuaCreate
                0x0040bd20      0x214 THUMB Flash Debug 160k/LuaLibW5500.o
 .text.LuaOpen  0x0040bf34       0x8c THUMB Flash Debug 160k/LuaLibW5500.o
 .text.LuaListen
                0x0040bfc0       0x6c THUMB Flash Debug 160k/LuaLibW5500.o
 .text.LuaConnect
                0x0040c02c       0xc4 THUMB Flash Debug 160k/LuaLibW5500.o
 .text.LuaDisconnect
                0x0040c0f0       0x6c THUMB Flash Debug 160k/LuaLibW5500.o
 .text.LuaSend  0x0040c15c      0x140 THUMB Flash Debug 160k/LuaLibW5500.o
 .text.LuaRecv  0x0040c29c      0x2f4 THUMB Flash Debug 160k/LuaLibW5500.o
 .text.LuaSysLog
                0x0040c590       0x44 THUMB Flash Debug 160k/LuaLibW5500.o
 .text.LuaLibW5500_Register
                0x0040c5d4       0x74 THUMB Flash Debug 160k/LuaLibW5500.o
                0x0040c5d4                LuaLibW5500_Register
 .text.Encode   0x0040c648       0x24 THUMB Flash Debug 160k/LuaLibBASE64.o
                0x0040c648                Encode
 .text.Decode   0x0040c66c       0x34 THUMB Flash Debug 160k/LuaLibBASE64.o
                0x0040c66c                Decode
 .text.LuaEncode
                0x0040c6a0      0x5a0 THUMB Flash Debug 160k/LuaLibBASE64.o
 .text.DecodeAndCheck.5994
                0x0040cc40       0x30 THUMB Flash Debug 160k/LuaLibBASE64.o
 .text.LuaDecode
                0x0040cc70      0x39c THUMB Flash Debug 160k/LuaLibBASE64.o
 .text.LuaLibBASE64_Register
                0x0040d00c       0x30 THUMB Flash Debug 160k/LuaLibBASE64.o
                0x0040d00c                LuaLibBASE64_Register
 .text.LuaOpen  0x0040d03c       0xdc THUMB Flash Debug 160k/LuaLibI2C.o
 .text.LuaClose
                0x0040d118       0x44 THUMB Flash Debug 160k/LuaLibI2C.o
 .text.LuaExists
                0x0040d15c      0x250 THUMB Flash Debug 160k/LuaLibI2C.o
 .text.LuaSend  0x0040d3ac       0xe8 THUMB Flash Debug 160k/LuaLibI2C.o
 .text.LuaRecv  0x0040d494      0x1f8 THUMB Flash Debug 160k/LuaLibI2C.o
 .text.LuaLibI2C_Register
                0x0040d68c       0x30 THUMB Flash Debug 160k/LuaLibI2C.o
                0x0040d68c                LuaLibI2C_Register
 .text.StringToNumber
                0x0040d6bc       0x54 THUMB Flash Debug 160k/LuaLibEVE.o
                0x0040d6bc                StringToNumber
 .text.StringToNumber2
                0x0040d710       0x44 THUMB Flash Debug 160k/LuaLibEVE.o
                0x0040d710                StringToNumber2
 .text.LuaALPHA_FUNC
                0x0040d754       0x6c THUMB Flash Debug 160k/LuaLibEVE.o
 .text.LuaBITMAP_HANDLE
                0x0040d7c0       0x3c THUMB Flash Debug 160k/LuaLibEVE.o
 .text.LuaBITMAP_LAYOUT
                0x0040d7fc       0x94 THUMB Flash Debug 160k/LuaLibEVE.o
 .text.LuaBITMAP_SIZE
                0x0040d890      0x110 THUMB Flash Debug 160k/LuaLibEVE.o
 .text.LuaBITMAP_SOURCE
                0x0040d9a0       0x40 THUMB Flash Debug 160k/LuaLibEVE.o
 .text.LuaBITMAP_TFORM_A
                0x0040d9e0       0x40 THUMB Flash Debug 160k/LuaLibEVE.o
 .text.LuaBITMAP_TFORM_B
                0x0040da20       0x40 THUMB Flash Debug 160k/LuaLibEVE.o
 .text.LuaBITMAP_TFORM_C
                0x0040da60       0x3c THUMB Flash Debug 160k/LuaLibEVE.o
 .text.LuaBITMAP_TFORM_D
                0x0040da9c       0x40 THUMB Flash Debug 160k/LuaLibEVE.o
 .text.LuaBITMAP_TFORM_E
                0x0040dadc       0x40 THUMB Flash Debug 160k/LuaLibEVE.o
 .text.LuaBITMAP_TFORM_F
                0x0040db1c       0x40 THUMB Flash Debug 160k/LuaLibEVE.o
 .text.LuaBLEND_FUNC
                0x0040db5c       0x80 THUMB Flash Debug 160k/LuaLibEVE.o
 .text.LuaBEGIN
                0x0040dbdc       0x54 THUMB Flash Debug 160k/LuaLibEVE.o
 .text.LuaCALL  0x0040dc30       0x40 THUMB Flash Debug 160k/LuaLibEVE.o
 .text.LuaCLEAR
                0x0040dc70       0x90 THUMB Flash Debug 160k/LuaLibEVE.o
 .text.LuaCELL  0x0040dd00       0x3c THUMB Flash Debug 160k/LuaLibEVE.o
 .text.LuaCLEAR_STENCIL
                0x0040dd3c       0x38 THUMB Flash Debug 160k/LuaLibEVE.o
 .text.LuaCLEAR_TAG
                0x0040dd74       0x38 THUMB Flash Debug 160k/LuaLibEVE.o
 .text.LuaCOLOR_A
                0x0040ddac       0x38 THUMB Flash Debug 160k/LuaLibEVE.o
 .text.LuaCOLOR_MASK
                0x0040dde4       0x94 THUMB Flash Debug 160k/LuaLibEVE.o
 .text.LuaCOLOR_RGB
                0x0040de78       0x78 THUMB Flash Debug 160k/LuaLibEVE.o
 .text.LuaCLEAR_RGB
                0x0040def0       0x78 THUMB Flash Debug 160k/LuaLibEVE.o
 .text.LuaDISPLAY
                0x0040df68       0x20 THUMB Flash Debug 160k/LuaLibEVE.o
 .text.LuaEND   0x0040df88       0x20 THUMB Flash Debug 160k/LuaLibEVE.o
 .text.LuaJUMP  0x0040dfa8       0x40 THUMB Flash Debug 160k/LuaLibEVE.o
 .text.LuaLINE_WIDTH
                0x0040dfe8       0x60 THUMB Flash Debug 160k/LuaLibEVE.o
 .text.LuaMACRO
                0x0040e048       0x3c THUMB Flash Debug 160k/LuaLibEVE.o
 .text.LuaPOINT_SIZE
                0x0040e084       0x60 THUMB Flash Debug 160k/LuaLibEVE.o
 .text.LuaRAW   0x0040e0e4       0x34 THUMB Flash Debug 160k/LuaLibEVE.o
 .text.LuaRESTORE_CONTEXT
                0x0040e118       0x20 THUMB Flash Debug 160k/LuaLibEVE.o
 .text.LuaRETURN
                0x0040e138       0x20 THUMB Flash Debug 160k/LuaLibEVE.o
 .text.LuaSAVE_CONTEXT
                0x0040e158       0x20 THUMB Flash Debug 160k/LuaLibEVE.o
 .text.LuaSCISSOR_SIZE
                0x0040e178       0x60 THUMB Flash Debug 160k/LuaLibEVE.o
 .text.LuaSCISSOR_XY
                0x0040e1d8       0x60 THUMB Flash Debug 160k/LuaLibEVE.o
 .text.LuaSTENCIL_FUNC
                0x0040e238       0x8c THUMB Flash Debug 160k/LuaLibEVE.o
 .text.LuaSTENCIL_MASK
                0x0040e2c4       0x38 THUMB Flash Debug 160k/LuaLibEVE.o
 .text.LuaSTENCIL_OP
                0x0040e2fc       0x80 THUMB Flash Debug 160k/LuaLibEVE.o
 .text.LuaTAG   0x0040e37c       0x38 THUMB Flash Debug 160k/LuaLibEVE.o
 .text.LuaTAG_MASK
                0x0040e3b4       0x3c THUMB Flash Debug 160k/LuaLibEVE.o
 .text.LuaVERTEX2F
                0x0040e3f0       0xa0 THUMB Flash Debug 160k/LuaLibEVE.o
 .text.LuaVERTEX2II
                0x0040e490       0x9c THUMB Flash Debug 160k/LuaLibEVE.o
 .text.LuaCMD_TEXT
                0x0040e52c      0x11c THUMB Flash Debug 160k/LuaLibEVE.o
 .text.LuaCMD_NUMBER
                0x0040e648      0x120 THUMB Flash Debug 160k/LuaLibEVE.o
 .text.LuaCMD_LOADIDENTITY
                0x0040e768       0x30 THUMB Flash Debug 160k/LuaLibEVE.o
 .text.LuaCMD_TOGGLE
                0x0040e798      0x168 THUMB Flash Debug 160k/LuaLibEVE.o
 .text.LuaCMD_GAUGE
                0x0040e900      0x180 THUMB Flash Debug 160k/LuaLibEVE.o
 .text.LuaCMD_REGREAD
                0x0040ea80       0xb0 THUMB Flash Debug 160k/LuaLibEVE.o
 .text.LuaCMD_GETPROPS
                0x0040eb30       0xdc THUMB Flash Debug 160k/LuaLibEVE.o
 .text.LuaCMD_MEMCPY
                0x0040ec0c       0xdc THUMB Flash Debug 160k/LuaLibEVE.o
 .text.LuaCMD_SPINNER
                0x0040ece8       0xf0 THUMB Flash Debug 160k/LuaLibEVE.o
 .text.LuaCMD_BGCOLOR
                0x0040edd8       0xb4 THUMB Flash Debug 160k/LuaLibEVE.o
 .text.LuaCMD_SWAP
                0x0040ee8c       0x30 THUMB Flash Debug 160k/LuaLibEVE.o
 .text.LuaCMD_INFLATE
                0x0040eebc       0x80 THUMB Flash Debug 160k/LuaLibEVE.o
 .text.LuaCMD_TRANSLATE
                0x0040ef3c       0xb0 THUMB Flash Debug 160k/LuaLibEVE.o
 .text.LuaCMD_STOP
                0x0040efec       0x30 THUMB Flash Debug 160k/LuaLibEVE.o
 .text.LuaCMD_SLIDER
                0x0040f01c      0x168 THUMB Flash Debug 160k/LuaLibEVE.o
 .text.LuaCMD_TOUCHTRANSFORM
                0x0040f184      0x2a8 THUMB Flash Debug 160k/LuaLibEVE.o
 .text.LuaCMD_INTERRUPT
                0x0040f42c       0x80 THUMB Flash Debug 160k/LuaLibEVE.o
 .text.LuaCMD_FGCOLOR
                0x0040f4ac       0x80 THUMB Flash Debug 160k/LuaLibEVE.o
 .text.LuaCMD_ROTATE
                0x0040f52c       0x80 THUMB Flash Debug 160k/LuaLibEVE.o
 .text.LuaCMD_BUTTON
                0x0040f5ac      0x164 THUMB Flash Debug 160k/LuaLibEVE.o
 .text.LuaCMD_MEMWRITE
                0x0040f710       0xb0 THUMB Flash Debug 160k/LuaLibEVE.o
 .text.LuaCMD_SCROLLBAR
                0x0040f7c0      0x184 THUMB Flash Debug 160k/LuaLibEVE.o
 .text.LuaCMD_GETMATRIX
                0x0040f944      0x168 THUMB Flash Debug 160k/LuaLibEVE.o
 .text.LuaCMD_SKETCH
                0x0040faac      0x14c THUMB Flash Debug 160k/LuaLibEVE.o
 .text.LuaCMD_MEMSET
                0x0040fbf8       0xdc THUMB Flash Debug 160k/LuaLibEVE.o
 .text.LuaCMD_GRADCOLOR
                0x0040fcd4       0x80 THUMB Flash Debug 160k/LuaLibEVE.o
 .text.LuaCMD_BITMAPTRANSFORM
                0x0040fd54      0x2a8 THUMB Flash Debug 160k/LuaLibEVE.o
 .text.LuaCMD_CALIBRATE
                0x0040fffc       0x80 THUMB Flash Debug 160k/LuaLibEVE.o
 .text.LuaCMD_SETFONT
                0x0041007c       0xb0 THUMB Flash Debug 160k/LuaLibEVE.o
 .text.LuaCMD_LOGO
                0x0041012c       0x30 THUMB Flash Debug 160k/LuaLibEVE.o
 .text.LuaCMD_APPEND
                0x0041015c       0xb0 THUMB Flash Debug 160k/LuaLibEVE.o
 .text.LuaCMD_MEMZERO
                0x0041020c       0xb0 THUMB Flash Debug 160k/LuaLibEVE.o
 .text.LuaCMD_SCALE
                0x004102bc       0xb0 THUMB Flash Debug 160k/LuaLibEVE.o
 .text.LuaCMD_CLOCK
                0x0041036c      0x180 THUMB Flash Debug 160k/LuaLibEVE.o
 .text.RGB.6893
                0x004104ec       0x8c THUMB Flash Debug 160k/LuaLibEVE.o
 .text.LuaCMD_GRADIENT
                0x00410578      0x178 THUMB Flash Debug 160k/LuaLibEVE.o
 .text.LuaCMD_SETMATRIX
                0x004106f0       0x30 THUMB Flash Debug 160k/LuaLibEVE.o
 .text.LuaCMD_TRACK
                0x00410720      0x124 THUMB Flash Debug 160k/LuaLibEVE.o
 .text.LuaCMD_GETPTR
                0x00410844       0x80 THUMB Flash Debug 160k/LuaLibEVE.o
 .text.LuaCMD_PROGRESS
                0x004108c4      0x168 THUMB Flash Debug 160k/LuaLibEVE.o
 .text.LuaCMD_COLDSTART
                0x00410a2c       0x30 THUMB Flash Debug 160k/LuaLibEVE.o
 .text.LuaCMD_KEYS
                0x00410a5c      0x168 THUMB Flash Debug 160k/LuaLibEVE.o
 .text.LuaCMD_DIAL
                0x00410bc4      0x120 THUMB Flash Debug 160k/LuaLibEVE.o
 .text.LuaCMD_LOADIMAGE
                0x00410ce4       0xb0 THUMB Flash Debug 160k/LuaLibEVE.o
 .text.LuaCMD_DLSTART
                0x00410d94       0x30 THUMB Flash Debug 160k/LuaLibEVE.o
 .text.LuaCMD_SNAPSHOT
                0x00410dc4       0x80 THUMB Flash Debug 160k/LuaLibEVE.o
 .text.LuaCMD_SCREENSAVER
                0x00410e44       0x30 THUMB Flash Debug 160k/LuaLibEVE.o
 .text.LuaCMD_MEMCRC
                0x00410e74       0xdc THUMB Flash Debug 160k/LuaLibEVE.o
 .text.LuaOpen  0x00410f50       0xe8 THUMB Flash Debug 160k/LuaLibEVE.o
 .text.LuaClose
                0x00411038       0x2c THUMB Flash Debug 160k/LuaLibEVE.o
 .text.Append.6997
                0x00411064       0x1c THUMB Flash Debug 160k/LuaLibEVE.o
 .text.LuaSet   0x00411080       0xe8 THUMB Flash Debug 160k/LuaLibEVE.o
 .text.AppendString.7000
                0x00411168       0x1c THUMB Flash Debug 160k/LuaLibEVE.o
 .text.IlterateTable.7003
                0x00411184      0x224 THUMB Flash Debug 160k/LuaLibEVE.o
 .text.Cleanup.7039
                0x004113a8       0x28 THUMB Flash Debug 160k/LuaLibEVE.o
 .text.LuaLoad  0x004113d0      0x23c THUMB Flash Debug 160k/LuaLibEVE.o
 .text.LuaLibEVE_Register
                0x0041160c       0x30 THUMB Flash Debug 160k/LuaLibEVE.o
                0x0041160c                LuaLibEVE_Register
 .text.LuaLibJSON_Register
                0x0041163c       0x84 THUMB Flash Debug 160k/LuaLibJSON.o
                0x0041163c                LuaLibJSON_Register
 .text.LuaOpen  0x004116c0       0x88 THUMB Flash Debug 160k/LuaLibSoftPWM.o
 .text.LuaClose
                0x00411748       0x2c THUMB Flash Debug 160k/LuaLibSoftPWM.o
 .text.LuaConfig
                0x00411774       0xa8 THUMB Flash Debug 160k/LuaLibSoftPWM.o
 *fill*         0x0041181c        0x4 00
 .text.LuaSet   0x00411820      0x1c8 THUMB Flash Debug 160k/LuaLibSoftPWM.o
 .text.LuaLibSoftPWM_Register
                0x004119e8       0x30 THUMB Flash Debug 160k/LuaLibSoftPWM.o
                0x004119e8                LuaLibSoftPWM_Register
 .text.LuaOpen  0x00411a18       0x68 THUMB Flash Debug 160k/LuaLibADC.o
 .text.LuaClose
                0x00411a80       0x2c THUMB Flash Debug 160k/LuaLibADC.o
 .text.LuaConfig
                0x00411aac       0xb0 THUMB Flash Debug 160k/LuaLibADC.o
 .text.LuaGet   0x00411b5c      0x1a4 THUMB Flash Debug 160k/LuaLibADC.o
 .text.LuaLibADC_Register
                0x00411d00       0x30 THUMB Flash Debug 160k/LuaLibADC.o
                0x00411d00                LuaLibADC_Register
 .text.LuaOpen  0x00411d30       0x38 THUMB Flash Debug 160k/LuaLibSoftCounter.o
 .text.LuaClose
                0x00411d68       0x2c THUMB Flash Debug 160k/LuaLibSoftCounter.o
 .text.LuaConfig
                0x00411d94       0xcc THUMB Flash Debug 160k/LuaLibSoftCounter.o
 .text.LuaGet   0x00411e60       0xb4 THUMB Flash Debug 160k/LuaLibSoftCounter.o
 .text.LuaLibSoftCounter_Register
                0x00411f14       0x30 THUMB Flash Debug 160k/LuaLibSoftCounter.o
                0x00411f14                LuaLibSoftCounter_Register
 .text.LuaLibLevelHAL_Register
                0x00411f44       0x14 THUMB Flash Debug 160k/cn.o
                0x00411f44                LuaLibLevelHAL_Register
 .text.LuaLibLevelApp_Register
                0x00411f58       0x14 THUMB Flash Debug 160k/cn.o
                0x00411f58                LuaLibLevelApp_Register
 .text.luaHook  0x00411f6c       0xbc THUMB Flash Debug 160k/cn.o
 .text.CN_Init  0x00412028       0x1c THUMB Flash Debug 160k/cn.o
                0x00412028                CN_Init
 .text.CN_Dump  0x00412044      0x108 THUMB Flash Debug 160k/cn.o
                0x00412044                CN_Dump
 .text.CN_Stop  0x0041214c       0x20 THUMB Flash Debug 160k/cn.o
                0x0041214c                CN_Stop
 .text.CN_Restart
                0x0041216c       0x20 THUMB Flash Debug 160k/cn.o
                0x0041216c                CN_Restart
 .text.CN_Run   0x0041218c      0x2bc THUMB Flash Debug 160k/cn.o
                0x0041218c                CN_Run
 .text.Modifyer_32
                0x00412448       0x34 THUMB Flash Debug 160k/Modifyer.o
                0x00412448                Modifyer_32
 .text.Modifyer_32AutoShift
                0x0041247c       0x40 THUMB Flash Debug 160k/Modifyer.o
                0x0041247c                Modifyer_32AutoShift
 .text.Modifyer_32ByName
                0x004124bc       0xb4 THUMB Flash Debug 160k/Modifyer.o
                0x004124bc                Modifyer_32ByName
 .text.sha204c_calculate_crc
                0x00412570       0xa8 THUMB Flash Debug 160k/sha204_comm.o
                0x00412570                sha204c_calculate_crc
 .text.sha204c_check_crc
                0x00412618       0x5c THUMB Flash Debug 160k/sha204_comm.o
                0x00412618                sha204c_check_crc
 .text.sha204c_wakeup
                0x00412674       0xb0 THUMB Flash Debug 160k/sha204_comm.o
                0x00412674                sha204c_wakeup
 .text.sha204c_resync
                0x00412724       0x4c THUMB Flash Debug 160k/sha204_comm.o
                0x00412724                sha204c_resync
 .text.sha204c_send_and_receive
                0x00412770      0x1f0 THUMB Flash Debug 160k/sha204_comm.o
                0x00412770                sha204c_send_and_receive
 .text.sha204m_lock
                0x00412960       0x9c THUMB Flash Debug 160k/sha204_comm_marshaling.o
                0x00412960                sha204m_lock
 .text.sha204m_read
                0x004129fc       0xf4 THUMB Flash Debug 160k/sha204_comm_marshaling.o
                0x004129fc                sha204m_read
 .text.sha204e_read_config_zone
                0x00412af0      0x270 THUMB Flash Debug 160k/sha204_examples.o
                0x00412af0                sha204e_read_config_zone
 .text.sha204p_init
                0x00412d60        0xc THUMB Flash Debug 160k/sha204_swi.o
                0x00412d60                sha204p_init
 .text.sha204p_set_device_id
                0x00412d6c       0x1c THUMB Flash Debug 160k/sha204_swi.o
                0x00412d6c                sha204p_set_device_id
 .text.sha204p_send_command
                0x00412d88       0x3c THUMB Flash Debug 160k/sha204_swi.o
                0x00412d88                sha204p_send_command
 .text.sha204p_receive_response
                0x00412dc4       0x8c THUMB Flash Debug 160k/sha204_swi.o
                0x00412dc4                sha204p_receive_response
 .text.sha204p_wakeup
                0x00412e50       0x2c THUMB Flash Debug 160k/sha204_swi.o
                0x00412e50                sha204p_wakeup
 .text.sha204p_sleep
                0x00412e7c       0x14 THUMB Flash Debug 160k/sha204_swi.o
                0x00412e7c                sha204p_sleep
 .text.sha204p_resync
                0x00412e90       0x2c THUMB Flash Debug 160k/sha204_swi.o
                0x00412e90                sha204p_resync
 .text.delay_ms
                0x00412ebc       0x1c THUMB Flash Debug 160k/timer_utilities.o
                0x00412ebc                delay_ms
 .text.swi_set_device_id
                0x00412ed8       0x14 THUMB Flash Debug 160k/uart_phys.o
                0x00412ed8                swi_set_device_id
 .text.swi_enable
                0x00412eec        0xc THUMB Flash Debug 160k/uart_phys.o
                0x00412eec                swi_enable
 .text.swi_set_signal_pin
                0x00412ef8       0x1c THUMB Flash Debug 160k/uart_phys.o
                0x00412ef8                swi_set_signal_pin
 .text.swi_send_bytes
                0x00412f14       0x20 THUMB Flash Debug 160k/uart_phys.o
                0x00412f14                swi_send_bytes
 .text.swi_send_byte
                0x00412f34       0x24 THUMB Flash Debug 160k/uart_phys.o
                0x00412f34                swi_send_byte
 .text.swi_receive_bytes
                0x00412f58       0x24 THUMB Flash Debug 160k/uart_phys.o
                0x00412f58                swi_receive_bytes
 .text.WS2812_Send
                0x00412f7c      0xf34 THUMB Flash Debug 160k/WS2812.o
                0x00412f7c                WS2812_Send
 .text.disk_status
                0x00413eb0       0x6c THUMB Flash Debug 160k/diskio.o
                0x00413eb0                disk_status
 .text.disk_initialize
                0x00413f1c       0x48 THUMB Flash Debug 160k/diskio.o
                0x00413f1c                disk_initialize
 .text.disk_read
                0x00413f64       0x7c THUMB Flash Debug 160k/diskio.o
                0x00413f64                disk_read
 .text.disk_write
                0x00413fe0       0x60 THUMB Flash Debug 160k/diskio.o
                0x00413fe0                disk_write
 .text.disk_ioctl
                0x00414040       0x34 THUMB Flash Debug 160k/diskio.o
                0x00414040                disk_ioctl
 .text.mem_cpy  0x00414074       0x50 THUMB Flash Debug 160k/ff.o
 .text.mem_set  0x004140c4       0x44 THUMB Flash Debug 160k/ff.o
 .text.mem_cmp  0x00414108       0x70 THUMB Flash Debug 160k/ff.o
 .text.chk_chr  0x00414178       0x38 THUMB Flash Debug 160k/ff.o
 .text.sync_window
                0x004141b0       0xa0 THUMB Flash Debug 160k/ff.o
 .text.move_window
                0x00414250       0x68 THUMB Flash Debug 160k/ff.o
 .text.sync_fs  0x004142b8      0x180 THUMB Flash Debug 160k/ff.o
 .text.clust2sect
                0x00414438       0x44 THUMB Flash Debug 160k/ff.o
                0x00414438                clust2sect
 .text.get_fat  0x0041447c      0x1b4 THUMB Flash Debug 160k/ff.o
                0x0041447c                get_fat
 .text.put_fat  0x00414630      0x26c THUMB Flash Debug 160k/ff.o
                0x00414630                put_fat
 .text.remove_chain
                0x0041489c       0xb8 THUMB Flash Debug 160k/ff.o
 .text.create_chain
                0x00414954      0x140 THUMB Flash Debug 160k/ff.o
 .text.dir_sdi  0x00414a94      0x118 THUMB Flash Debug 160k/ff.o
 .text.dir_next
                0x00414bac      0x1e0 THUMB Flash Debug 160k/ff.o
 .text.dir_alloc
                0x00414d8c       0x9c THUMB Flash Debug 160k/ff.o
 .text.ld_clust
                0x00414e28       0x64 THUMB Flash Debug 160k/ff.o
 .text.st_clust
                0x00414e8c       0x5c THUMB Flash Debug 160k/ff.o
 .text.cmp_lfn  0x00414ee8      0x100 THUMB Flash Debug 160k/ff.o
 .text.pick_lfn
                0x00414fe8       0xf0 THUMB Flash Debug 160k/ff.o
 .text.fit_lfn  0x004150d8      0x110 THUMB Flash Debug 160k/ff.o
 .text.gen_numname
                0x004151e8      0x144 THUMB Flash Debug 160k/ff.o
 .text.sum_sfn  0x0041532c       0x50 THUMB Flash Debug 160k/ff.o
 .text.dir_find
                0x0041537c      0x180 THUMB Flash Debug 160k/ff.o
 .text.dir_read
                0x004154fc      0x148 THUMB Flash Debug 160k/ff.o
 .text.dir_register
                0x00415644      0x23c THUMB Flash Debug 160k/ff.o
 .text.dir_remove
                0x00415880       0xb4 THUMB Flash Debug 160k/ff.o
 .text.create_name
                0x00415934      0x464 THUMB Flash Debug 160k/ff.o
 .text.follow_path
                0x00415d98      0x11c THUMB Flash Debug 160k/ff.o
 .text.get_ldnumber
                0x00415eb4      0x12c THUMB Flash Debug 160k/ff.o
 .text.check_fs
                0x00415fe0       0xe8 THUMB Flash Debug 160k/ff.o
 .text.find_volume
                0x004160c8      0x5f8 THUMB Flash Debug 160k/ff.o
 .text.validate
                0x004166c0       0x64 THUMB Flash Debug 160k/ff.o
 .text.f_mount  0x00416724       0xa0 THUMB Flash Debug 160k/ff.o
                0x00416724                f_mount
 .text.f_open   0x004167c4      0x304 THUMB Flash Debug 160k/ff.o
                0x004167c4                f_open
 .text.f_read   0x00416ac8      0x264 THUMB Flash Debug 160k/ff.o
                0x00416ac8                f_read
 .text.f_write  0x00416d2c      0x31c THUMB Flash Debug 160k/ff.o
                0x00416d2c                f_write
 .text.f_sync   0x00417048      0x148 THUMB Flash Debug 160k/ff.o
                0x00417048                f_sync
 .text.f_close  0x00417190       0x3c THUMB Flash Debug 160k/ff.o
                0x00417190                f_close
 .text.f_chdrive
                0x004171cc       0x40 THUMB Flash Debug 160k/ff.o
                0x004171cc                f_chdrive
 .text.f_lseek  0x0041720c      0x238 THUMB Flash Debug 160k/ff.o
                0x0041720c                f_lseek
 .text.f_unlink
                0x00417444      0x1c8 THUMB Flash Debug 160k/ff.o
                0x00417444                f_unlink
 .text.f_mkdir  0x0041760c      0x2ec THUMB Flash Debug 160k/ff.o
                0x0041760c                f_mkdir
 .text.f_rename
                0x004178f8      0x228 THUMB Flash Debug 160k/ff.o
                0x004178f8                f_rename
 .text.f_gets   0x00417b20       0x88 THUMB Flash Debug 160k/ff.o
                0x00417b20                f_gets
 .text.putc_bfd
                0x00417ba8       0x7c THUMB Flash Debug 160k/ff.o
 .text.f_printf
                0x00417c24      0x4e4 THUMB Flash Debug 160k/ff.o
                0x00417c24                f_printf
 .text.ff_convert
                0x00418108       0x88 THUMB Flash Debug 160k/unicode.o
                0x00418108                ff_convert
 .text.ff_wtoupper
                0x00418190       0x70 THUMB Flash Debug 160k/unicode.o
                0x00418190                ff_wtoupper
 .text.strerror
                0x00418200      0x144 THUMB Flash Debug 160k/FatFsWrapper.o
                0x00418200                strerror
 .text.fopen    0x00418344       0xa0 THUMB Flash Debug 160k/FatFsWrapper.o
                0x00418344                fopen
 .text.freopen  0x004183e4       0x28 THUMB Flash Debug 160k/FatFsWrapper.o
                0x004183e4                freopen
 .text.fclose   0x0041840c       0x40 THUMB Flash Debug 160k/FatFsWrapper.o
                0x0041840c                fclose
 .text.fprintf  0x0041844c       0x24 THUMB Flash Debug 160k/FatFsWrapper.o
                0x0041844c                fprintf
 .text.fflush   0x00418470       0x34 THUMB Flash Debug 160k/FatFsWrapper.o
                0x00418470                fflush
 .text.getc     0x004184a4       0x40 THUMB Flash Debug 160k/FatFsWrapper.o
                0x004184a4                getc
 .text.ungetc   0x004184e4       0x1c THUMB Flash Debug 160k/FatFsWrapper.o
                0x004184e4                ungetc
 .text.fread    0x00418500       0x4c THUMB Flash Debug 160k/FatFsWrapper.o
                0x00418500                fread
 .text.fgets    0x0041854c       0x30 THUMB Flash Debug 160k/FatFsWrapper.o
                0x0041854c                fgets
 .text.feof     0x0041857c       0x30 THUMB Flash Debug 160k/FatFsWrapper.o
                0x0041857c                feof
 .text.fwrite   0x004185ac       0x90 THUMB Flash Debug 160k/FatFsWrapper.o
                0x004185ac                fwrite
 .text.fseek    0x0041863c       0x94 THUMB Flash Debug 160k/FatFsWrapper.o
                0x0041863c                fseek
 .text.ftell    0x004186d0       0x24 THUMB Flash Debug 160k/FatFsWrapper.o
                0x004186d0                ftell
 .text.remove   0x004186f4       0x28 THUMB Flash Debug 160k/FatFsWrapper.o
                0x004186f4                remove
 .text.rename   0x0041871c       0x2c THUMB Flash Debug 160k/FatFsWrapper.o
                0x0041871c                rename
 .text.ferror   0x00418748       0x30 THUMB Flash Debug 160k/FatFsWrapper.o
                0x00418748                ferror
 .text.clearerr
                0x00418778       0x20 THUMB Flash Debug 160k/FatFsWrapper.o
                0x00418778                clearerr
 .text.tmpnam   0x00418798       0x44 THUMB Flash Debug 160k/FatFsWrapper.o
                0x00418798                tmpnam
 .text.tmpfile  0x004187dc       0x24 THUMB Flash Debug 160k/FatFsWrapper.o
                0x004187dc                tmpfile
 .text.setvbuf  0x00418800       0x20 THUMB Flash Debug 160k/FatFsWrapper.o
                0x00418800                setvbuf
 .text.system   0x00418820       0x18 THUMB Flash Debug 160k/FatFsWrapper.o
                0x00418820                system
 .text.getenv   0x00418838       0x54 THUMB Flash Debug 160k/FatFsWrapper.o
                0x00418838                getenv
 .text.CommandWrite
                0x0041888c       0x34 THUMB Flash Debug 160k/EVE.o
 .text.MemoryWrite8
                0x004188c0       0x50 THUMB Flash Debug 160k/EVE.o
 .text.MemoryWrite16
                0x00418910       0x64 THUMB Flash Debug 160k/EVE.o
 .text.MemoryWrite32
                0x00418974       0x7c THUMB Flash Debug 160k/EVE.o
 .text.MemoryWriteN
                0x004189f0       0x78 THUMB Flash Debug 160k/EVE.o
 .text.MemoryRead8
                0x00418a68       0x58 THUMB Flash Debug 160k/EVE.o
 .text.MemoryRead16
                0x00418ac0       0x70 THUMB Flash Debug 160k/EVE.o
 .text.EVE_Open
                0x00418b30      0x2c4 THUMB Flash Debug 160k/EVE.o
                0x00418b30                EVE_Open
 .text.EVE_Close
                0x00418df4        0xc THUMB Flash Debug 160k/EVE.o
                0x00418df4                EVE_Close
 .text.EVE_CommandBegin
                0x00418e00       0xbc THUMB Flash Debug 160k/EVE.o
                0x00418e00                EVE_CommandBegin
 .text.EVE_CommandAppend
                0x00418ebc       0x68 THUMB Flash Debug 160k/EVE.o
                0x00418ebc                EVE_CommandAppend
 .text.Get.5705
                0x00418f24       0x2c THUMB Flash Debug 160k/EVE.o
 .text.EVE_CommandAppendString
                0x00418f50       0xa0 THUMB Flash Debug 160k/EVE.o
                0x00418f50                EVE_CommandAppendString
 .text.EVE_CommandEnd
                0x00418ff0       0x44 THUMB Flash Debug 160k/EVE.o
                0x00418ff0                EVE_CommandEnd
 .text.EVE_WriteMain
                0x00419034       0x3c THUMB Flash Debug 160k/EVE.o
                0x00419034                EVE_WriteMain
 .text.Transfer2
                0x00419070       0xd4 THUMB Flash Debug 160k/FFS.o
 .text.Transfer
                0x00419144       0x54 THUMB Flash Debug 160k/FFS.o
 .text.FFS_Init
                0x00419198      0x110 THUMB Flash Debug 160k/FFS.o
                0x00419198                FFS_Init
 .text.FFS_GetState
                0x004192a8       0x24 THUMB Flash Debug 160k/FFS.o
                0x004192a8                FFS_GetState
 .text.FFS_ReadBlocks
                0x004192cc       0xbc THUMB Flash Debug 160k/FFS.o
                0x004192cc                FFS_ReadBlocks
 .text.FFS_WriteBlocks
                0x00419388       0xbc THUMB Flash Debug 160k/FFS.o
                0x00419388                FFS_WriteBlocks
 .text.index2addr
                0x00419444       0xc8 THUMB Flash Debug 160k/lapi.o
 .text.growstack
                0x0041950c       0x20 THUMB Flash Debug 160k/lapi.o
 .text.lua_checkstack
                0x0041952c       0xb0 THUMB Flash Debug 160k/lapi.o
                0x0041952c                lua_checkstack
 .text.lua_xmove
                0x004195dc       0x74 THUMB Flash Debug 160k/lapi.o
                0x004195dc                lua_xmove
 .text.lua_version
                0x00419650       0x2c THUMB Flash Debug 160k/lapi.o
                0x00419650                lua_version
 .text.lua_absindex
                0x0041967c       0x48 THUMB Flash Debug 160k/lapi.o
                0x0041967c                lua_absindex
 .text.lua_gettop
                0x004196c4       0x2c THUMB Flash Debug 160k/lapi.o
                0x004196c4                lua_gettop
 .text.lua_settop
                0x004196f0       0x74 THUMB Flash Debug 160k/lapi.o
                0x004196f0                lua_settop
 .text.reverse  0x00419764       0x64 THUMB Flash Debug 160k/lapi.o
 .text.lua_rotate
                0x004197c8       0x74 THUMB Flash Debug 160k/lapi.o
                0x004197c8                lua_rotate
 .text.lua_copy
                0x0041983c       0x88 THUMB Flash Debug 160k/lapi.o
                0x0041983c                lua_copy
 .text.lua_pushvalue
                0x004198c4       0x38 THUMB Flash Debug 160k/lapi.o
                0x004198c4                lua_pushvalue
 .text.lua_type
                0x004198fc       0x3c THUMB Flash Debug 160k/lapi.o
                0x004198fc                lua_type
 .text.lua_typename
                0x00419938       0x28 THUMB Flash Debug 160k/lapi.o
                0x00419938                lua_typename
 .text.lua_iscfunction
                0x00419960       0x3c THUMB Flash Debug 160k/lapi.o
                0x00419960                lua_iscfunction
 .text.lua_isinteger
                0x0041999c       0x2c THUMB Flash Debug 160k/lapi.o
                0x0041999c                lua_isinteger
 .text.lua_isnumber
                0x004199c8       0x48 THUMB Flash Debug 160k/lapi.o
                0x004199c8                lua_isnumber
 .text.lua_isstring
                0x00419a10       0x44 THUMB Flash Debug 160k/lapi.o
                0x00419a10                lua_isstring
 .text.lua_rawequal
                0x00419a54       0x60 THUMB Flash Debug 160k/lapi.o
                0x00419a54                lua_rawequal
 .text.lua_compare
                0x00419ab4       0x94 THUMB Flash Debug 160k/lapi.o
                0x00419ab4                lua_compare
 .text.lua_stringtonumber
                0x00419b48       0x38 THUMB Flash Debug 160k/lapi.o
                0x00419b48                lua_stringtonumber
 .text.lua_tonumberx
                0x00419b80       0x70 THUMB Flash Debug 160k/lapi.o
                0x00419b80                lua_tonumberx
 .text.lua_tointegerx
                0x00419bf0       0x70 THUMB Flash Debug 160k/lapi.o
                0x00419bf0                lua_tointegerx
 .text.lua_toboolean
                0x00419c60       0x44 THUMB Flash Debug 160k/lapi.o
                0x00419c60                lua_toboolean
 .text.lua_tolstring
                0x00419ca4       0x8c THUMB Flash Debug 160k/lapi.o
                0x00419ca4                lua_tolstring
 .text.lua_rawlen
                0x00419d30       0x58 THUMB Flash Debug 160k/lapi.o
                0x00419d30                lua_rawlen
 .text.lua_touserdata
                0x00419d88       0x44 THUMB Flash Debug 160k/lapi.o
                0x00419d88                lua_touserdata
 .text.lua_tothread
                0x00419dcc       0x34 THUMB Flash Debug 160k/lapi.o
                0x00419dcc                lua_tothread
 .text.lua_topointer
                0x00419e00       0xf8 THUMB Flash Debug 160k/lapi.o
                0x00419e00                lua_topointer
 .text.lua_pushnil
                0x00419ef8       0x28 THUMB Flash Debug 160k/lapi.o
                0x00419ef8                lua_pushnil
 .text.lua_pushnumber
                0x00419f20       0x3c THUMB Flash Debug 160k/lapi.o
                0x00419f20                lua_pushnumber
 .text.lua_pushinteger
                0x00419f5c       0x3c THUMB Flash Debug 160k/lapi.o
                0x00419f5c                lua_pushinteger
 .text.lua_pushlstring
                0x00419f98       0x68 THUMB Flash Debug 160k/lapi.o
                0x00419f98                lua_pushlstring
 .text.lua_pushstring
                0x0041a000       0x74 THUMB Flash Debug 160k/lapi.o
                0x0041a000                lua_pushstring
 .text.lua_pushvfstring
                0x0041a074       0x38 THUMB Flash Debug 160k/lapi.o
                0x0041a074                lua_pushvfstring
 .text.lua_pushfstring
                0x0041a0ac       0x40 THUMB Flash Debug 160k/lapi.o
                0x0041a0ac                lua_pushfstring
 .text.lua_pushcclosure
                0x0041a0ec       0xcc THUMB Flash Debug 160k/lapi.o
                0x0041a0ec                lua_pushcclosure
 .text.lua_pushboolean
                0x0041a1b8       0x3c THUMB Flash Debug 160k/lapi.o
                0x0041a1b8                lua_pushboolean
 .text.lua_pushlightuserdata
                0x0041a1f4       0x34 THUMB Flash Debug 160k/lapi.o
                0x0041a1f4                lua_pushlightuserdata
 .text.lua_pushthread
                0x0041a228       0x4c THUMB Flash Debug 160k/lapi.o
                0x0041a228                lua_pushthread
 .text.lua_getglobal
                0x0041a274       0x84 THUMB Flash Debug 160k/lapi.o
                0x0041a274                lua_getglobal
 .text.lua_gettable
                0x0041a2f8       0x48 THUMB Flash Debug 160k/lapi.o
                0x0041a2f8                lua_gettable
 .text.lua_getfield
                0x0041a340       0x7c THUMB Flash Debug 160k/lapi.o
                0x0041a340                lua_getfield
 .text.lua_geti
                0x0041a3bc       0x70 THUMB Flash Debug 160k/lapi.o
                0x0041a3bc                lua_geti
 .text.lua_rawget
                0x0041a42c       0x5c THUMB Flash Debug 160k/lapi.o
                0x0041a42c                lua_rawget
 .text.lua_rawgeti
                0x0041a488       0x60 THUMB Flash Debug 160k/lapi.o
                0x0041a488                lua_rawgeti
 .text.lua_rawgetp
                0x0041a4e8       0x74 THUMB Flash Debug 160k/lapi.o
                0x0041a4e8                lua_rawgetp
 .text.lua_createtable
                0x0041a55c       0x6c THUMB Flash Debug 160k/lapi.o
                0x0041a55c                lua_createtable
 .text.lua_getmetatable
                0x0041a5c8       0x9c THUMB Flash Debug 160k/lapi.o
                0x0041a5c8                lua_getmetatable
 .text.lua_getuservalue
                0x0041a664       0x5c THUMB Flash Debug 160k/lapi.o
                0x0041a664                lua_getuservalue
 .text.lua_setglobal
                0x0041a6c0       0x80 THUMB Flash Debug 160k/lapi.o
                0x0041a6c0                lua_setglobal
 .text.lua_settable
                0x0041a740       0x44 THUMB Flash Debug 160k/lapi.o
                0x0041a740                lua_settable
 .text.lua_setfield
                0x0041a784       0x74 THUMB Flash Debug 160k/lapi.o
                0x0041a784                lua_setfield
 .text.lua_seti
                0x0041a7f8       0x68 THUMB Flash Debug 160k/lapi.o
                0x0041a7f8                lua_seti
 .text.lua_rawset
                0x0041a860       0x9c THUMB Flash Debug 160k/lapi.o
                0x0041a860                lua_rawset
 .text.lua_rawseti
                0x0041a8fc       0x84 THUMB Flash Debug 160k/lapi.o
                0x0041a8fc                lua_rawseti
 .text.lua_rawsetp
                0x0041a980       0xa4 THUMB Flash Debug 160k/lapi.o
                0x0041a980                lua_rawsetp
 .text.lua_setmetatable
                0x0041aa24      0x11c THUMB Flash Debug 160k/lapi.o
                0x0041aa24                lua_setmetatable
 .text.lua_setuservalue
                0x0041ab40       0xa0 THUMB Flash Debug 160k/lapi.o
                0x0041ab40                lua_setuservalue
 .text.lua_callk
                0x0041abe0       0x88 THUMB Flash Debug 160k/lapi.o
                0x0041abe0                lua_callk
 .text.f_call   0x0041ac68       0x2c THUMB Flash Debug 160k/lapi.o
 .text.lua_pcallk
                0x0041ac94      0x13c THUMB Flash Debug 160k/lapi.o
                0x0041ac94                lua_pcallk
 .text.lua_load
                0x0041add0       0xc4 THUMB Flash Debug 160k/lapi.o
                0x0041add0                lua_load
 .text.lua_dump
                0x0041ae94       0x50 THUMB Flash Debug 160k/lapi.o
                0x0041ae94                lua_dump
 .text.lua_status
                0x0041aee4       0x18 THUMB Flash Debug 160k/lapi.o
                0x0041aee4                lua_status
 .text.lua_gc   0x0041aefc      0x170 THUMB Flash Debug 160k/lapi.o
                0x0041aefc                lua_gc
 .text.lua_error
                0x0041b06c       0x10 THUMB Flash Debug 160k/lapi.o
                0x0041b06c                lua_error
 .text.lua_next
                0x0041b07c       0x60 THUMB Flash Debug 160k/lapi.o
                0x0041b07c                lua_next
 .text.lua_concat
                0x0041b0dc       0x78 THUMB Flash Debug 160k/lapi.o
                0x0041b0dc                lua_concat
 .text.lua_len  0x0041b154       0x38 THUMB Flash Debug 160k/lapi.o
                0x0041b154                lua_len
 .text.lua_newuserdata
                0x0041b18c       0x5c THUMB Flash Debug 160k/lapi.o
                0x0041b18c                lua_newuserdata
 .text.aux_upvalue
                0x0041b1e8       0xf8 THUMB Flash Debug 160k/lapi.o
 .text.lua_getupvalue
                0x0041b2e0       0x68 THUMB Flash Debug 160k/lapi.o
                0x0041b2e0                lua_getupvalue
 .text.lua_setupvalue
                0x0041b348       0xe8 THUMB Flash Debug 160k/lapi.o
                0x0041b348                lua_setupvalue
 .text.getupvalref
                0x0041b430       0x48 THUMB Flash Debug 160k/lapi.o
 .text.lua_upvalueid
                0x0041b478       0x68 THUMB Flash Debug 160k/lapi.o
                0x0041b478                lua_upvalueid
 .text.lua_upvaluejoin
                0x0041b4e0       0xa4 THUMB Flash Debug 160k/lapi.o
                0x0041b4e0                lua_upvaluejoin
 .text.findfield
                0x0041b584       0xe8 THUMB Flash Debug 160k/lauxlib.o
 .text.pushglobalfuncname
                0x0041b66c       0xdc THUMB Flash Debug 160k/lauxlib.o
 .text.pushfuncname
                0x0041b748       0xd0 THUMB Flash Debug 160k/lauxlib.o
 .text.countlevels
                0x0041b818       0x84 THUMB Flash Debug 160k/lauxlib.o
 .text.luaL_traceback
                0x0041b89c      0x14c THUMB Flash Debug 160k/lauxlib.o
                0x0041b89c                luaL_traceback
 .text.luaL_argerror
                0x0041b9e8       0xe0 THUMB Flash Debug 160k/lauxlib.o
                0x0041b9e8                luaL_argerror
 .text.typeerror
                0x0041bac8       0x94 THUMB Flash Debug 160k/lauxlib.o
 .text.tag_error
                0x0041bb5c       0x28 THUMB Flash Debug 160k/lauxlib.o
 .text.luaL_where
                0x0041bb84       0x6c THUMB Flash Debug 160k/lauxlib.o
                0x0041bb84                luaL_where
 .text.luaL_error
                0x0041bbf0       0x48 THUMB Flash Debug 160k/lauxlib.o
                0x0041bbf0                luaL_error
 .text.luaL_fileresult
                0x0041bc38       0x80 THUMB Flash Debug 160k/lauxlib.o
                0x0041bc38                luaL_fileresult
 .text.luaL_execresult
                0x0041bcb8       0x74 THUMB Flash Debug 160k/lauxlib.o
                0x0041bcb8                luaL_execresult
 .text.luaL_newmetatable
                0x0041bd2c       0x80 THUMB Flash Debug 160k/lauxlib.o
                0x0041bd2c                luaL_newmetatable
 .text.luaL_setmetatable
                0x0041bdac       0x2c THUMB Flash Debug 160k/lauxlib.o
                0x0041bdac                luaL_setmetatable
 .text.luaL_testudata
                0x0041bdd8       0x74 THUMB Flash Debug 160k/lauxlib.o
                0x0041bdd8                luaL_testudata
 .text.luaL_checkudata
                0x0041be4c       0x38 THUMB Flash Debug 160k/lauxlib.o
                0x0041be4c                luaL_checkudata
 .text.luaL_checkoption
                0x0041be84       0x9c THUMB Flash Debug 160k/lauxlib.o
                0x0041be84                luaL_checkoption
 .text.luaL_checkstack
                0x0041bf20       0x54 THUMB Flash Debug 160k/lauxlib.o
                0x0041bf20                luaL_checkstack
 .text.luaL_checktype
                0x0041bf74       0x30 THUMB Flash Debug 160k/lauxlib.o
                0x0041bf74                luaL_checktype
 .text.luaL_checkany
                0x0041bfa4       0x34 THUMB Flash Debug 160k/lauxlib.o
                0x0041bfa4                luaL_checkany
 .text.luaL_checklstring
                0x0041bfd8       0x38 THUMB Flash Debug 160k/lauxlib.o
                0x0041bfd8                luaL_checklstring
 .text.luaL_optlstring
                0x0041c010       0x54 THUMB Flash Debug 160k/lauxlib.o
                0x0041c010                luaL_optlstring
 .text.luaL_checknumber
                0x0041c064       0x44 THUMB Flash Debug 160k/lauxlib.o
                0x0041c064                luaL_checknumber
 .text.luaL_optnumber
                0x0041c0a8       0x3c THUMB Flash Debug 160k/lauxlib.o
                0x0041c0a8                luaL_optnumber
 .text.interror
                0x0041c0e4       0x40 THUMB Flash Debug 160k/lauxlib.o
 .text.luaL_checkinteger
                0x0041c124       0x40 THUMB Flash Debug 160k/lauxlib.o
                0x0041c124                luaL_checkinteger
 .text.luaL_optinteger
                0x0041c164       0x3c THUMB Flash Debug 160k/lauxlib.o
                0x0041c164                luaL_optinteger
 .text.luaL_prepbuffsize
                0x0041c1a0       0xcc THUMB Flash Debug 160k/lauxlib.o
                0x0041c1a0                luaL_prepbuffsize
 .text.luaL_addlstring
                0x0041c26c       0x38 THUMB Flash Debug 160k/lauxlib.o
                0x0041c26c                luaL_addlstring
 .text.luaL_addstring
                0x0041c2a4       0x24 THUMB Flash Debug 160k/lauxlib.o
                0x0041c2a4                luaL_addstring
 .text.luaL_pushresult
                0x0041c2c8       0x50 THUMB Flash Debug 160k/lauxlib.o
                0x0041c2c8                luaL_pushresult
 .text.luaL_pushresultsize
                0x0041c318       0x24 THUMB Flash Debug 160k/lauxlib.o
                0x0041c318                luaL_pushresultsize
 .text.luaL_addvalue
                0x0041c33c       0x80 THUMB Flash Debug 160k/lauxlib.o
                0x0041c33c                luaL_addvalue
 .text.luaL_buffinit
                0x0041c3bc       0x34 THUMB Flash Debug 160k/lauxlib.o
                0x0041c3bc                luaL_buffinit
 .text.luaL_buffinitsize
                0x0041c3f0       0x28 THUMB Flash Debug 160k/lauxlib.o
                0x0041c3f0                luaL_buffinitsize
 .text.getF     0x0041c418       0x70 THUMB Flash Debug 160k/lauxlib.o
 .text.errfile  0x0041c488       0x6c THUMB Flash Debug 160k/lauxlib.o
 .text.skipBOM  0x0041c4f4       0x90 THUMB Flash Debug 160k/lauxlib.o
 .text.skipcomment
                0x0041c584       0x64 THUMB Flash Debug 160k/lauxlib.o
 .text.luaL_loadfilex
                0x0041c5e8      0x1b4 THUMB Flash Debug 160k/lauxlib.o
                0x0041c5e8                luaL_loadfilex
 .text.getS     0x0041c79c       0x40 THUMB Flash Debug 160k/lauxlib.o
 .text.luaL_loadbufferx
                0x0041c7dc       0x3c THUMB Flash Debug 160k/lauxlib.o
                0x0041c7dc                luaL_loadbufferx
 .text.luaL_getmetafield
                0x0041c818       0x6c THUMB Flash Debug 160k/lauxlib.o
                0x0041c818                luaL_getmetafield
 .text.luaL_callmeta
                0x0041c884       0x5c THUMB Flash Debug 160k/lauxlib.o
                0x0041c884                luaL_callmeta
 .text.luaL_len
                0x0041c8e0       0x58 THUMB Flash Debug 160k/lauxlib.o
                0x0041c8e0                luaL_len
 .text.luaL_tolstring
                0x0041c938      0x12c THUMB Flash Debug 160k/lauxlib.o
                0x0041c938                luaL_tolstring
 .text.luaL_setfuncs
                0x0041ca64       0x90 THUMB Flash Debug 160k/lauxlib.o
                0x0041ca64                luaL_setfuncs
 .text.luaL_getsubtable
                0x0041caf4       0x68 THUMB Flash Debug 160k/lauxlib.o
                0x0041caf4                luaL_getsubtable
 .text.luaL_requiref
                0x0041cb5c       0xc4 THUMB Flash Debug 160k/lauxlib.o
                0x0041cb5c                luaL_requiref
 .text.luaL_gsub
                0x0041cc20      0x124 THUMB Flash Debug 160k/lauxlib.o
                0x0041cc20                luaL_gsub
 .text.luaL_checkversion_
                0x0041cd44       0x88 THUMB Flash Debug 160k/lauxlib.o
                0x0041cd44                luaL_checkversion_
 .text.luaB_print
                0x0041cdcc      0x110 THUMB Flash Debug 160k/lbaselib.o
 .text.b_str2int
                0x0041cedc      0x134 THUMB Flash Debug 160k/lbaselib.o
 .text.luaB_tonumber
                0x0041d010      0x138 THUMB Flash Debug 160k/lbaselib.o
 .text.luaB_error
                0x0041d148       0x70 THUMB Flash Debug 160k/lbaselib.o
 .text.luaB_getmetatable
                0x0041d1b8       0x50 THUMB Flash Debug 160k/lbaselib.o
 .text.luaB_setmetatable
                0x0041d208       0x94 THUMB Flash Debug 160k/lbaselib.o
 .text.luaB_rawequal
                0x0041d29c       0x44 THUMB Flash Debug 160k/lbaselib.o
 .text.luaB_rawlen
                0x0041d2e0       0x60 THUMB Flash Debug 160k/lbaselib.o
 .text.luaB_rawget
                0x0041d340       0x44 THUMB Flash Debug 160k/lbaselib.o
 .text.luaB_rawset
                0x0041d384       0x4c THUMB Flash Debug 160k/lbaselib.o
 .text.luaB_collectgarbage
                0x0041d3d0       0xe8 THUMB Flash Debug 160k/lbaselib.o
 .text.luaB_type
                0x0041d4b8       0x3c THUMB Flash Debug 160k/lbaselib.o
 .text.pairsmeta
                0x0041d4f4       0x94 THUMB Flash Debug 160k/lbaselib.o
 .text.luaB_next
                0x0041d588       0x4c THUMB Flash Debug 160k/lbaselib.o
 .text.luaB_pairs
                0x0041d5d4       0x30 THUMB Flash Debug 160k/lbaselib.o
 .text.ipairsaux_raw
                0x0041d604       0x64 THUMB Flash Debug 160k/lbaselib.o
 .text.ipairsaux
                0x0041d668       0x58 THUMB Flash Debug 160k/lbaselib.o
 .text.luaB_ipairs
                0x0041d6c0       0x70 THUMB Flash Debug 160k/lbaselib.o
 .text.load_aux
                0x0041d730       0x68 THUMB Flash Debug 160k/lbaselib.o
 .text.luaB_loadfile
                0x0041d798       0x78 THUMB Flash Debug 160k/lbaselib.o
 .text.generic_reader
                0x0041d810       0xb8 THUMB Flash Debug 160k/lbaselib.o
 .text.luaB_load
                0x0041d8c8       0xec THUMB Flash Debug 160k/lbaselib.o
 .text.dofilecont
                0x0041d9b4       0x24 THUMB Flash Debug 160k/lbaselib.o
 .text.luaB_dofile
                0x0041d9d8       0x7c THUMB Flash Debug 160k/lbaselib.o
 .text.luaB_assert
                0x0041da54       0x74 THUMB Flash Debug 160k/lbaselib.o
 .text.luaB_select
                0x0041dac8       0xe4 THUMB Flash Debug 160k/lbaselib.o
 .text.finishpcall
                0x0041dbac       0x48 THUMB Flash Debug 160k/lbaselib.o
 .text.luaB_pcall
                0x0041dbf4       0x74 THUMB Flash Debug 160k/lbaselib.o
 .text.luaB_xpcall
                0x0041dc68       0x84 THUMB Flash Debug 160k/lbaselib.o
 .text.luaB_tostring
                0x0041dcec       0x30 THUMB Flash Debug 160k/lbaselib.o
 .text.luaopen_base
                0x0041dd1c       0xcc THUMB Flash Debug 160k/lbaselib.o
                0x0041dd1c                luaopen_base
 .text.tonumeral
                0x0041dde8       0x88 THUMB Flash Debug 160k/lcode.o
 .text.luaK_nil
                0x0041de70       0xfc THUMB Flash Debug 160k/lcode.o
                0x0041de70                luaK_nil
 .text.luaK_jump
                0x0041df6c       0x4c THUMB Flash Debug 160k/lcode.o
                0x0041df6c                luaK_jump
 .text.luaK_ret
                0x0041dfb8       0x2c THUMB Flash Debug 160k/lcode.o
                0x0041dfb8                luaK_ret
 .text.condjump
                0x0041dfe4       0x34 THUMB Flash Debug 160k/lcode.o
 .text.fixjump  0x0041e018       0x78 THUMB Flash Debug 160k/lcode.o
 .text.luaK_getlabel
                0x0041e090       0x20 THUMB Flash Debug 160k/lcode.o
                0x0041e090                luaK_getlabel
 .text.getjump  0x0041e0b0       0x50 THUMB Flash Debug 160k/lcode.o
 .text.getjumpcontrol
                0x0041e100       0x58 THUMB Flash Debug 160k/lcode.o
 .text.need_value
                0x0041e158       0x50 THUMB Flash Debug 160k/lcode.o
 .text.patchtestreg
                0x0041e1a8       0x90 THUMB Flash Debug 160k/lcode.o
 .text.removevalues
                0x0041e238       0x34 THUMB Flash Debug 160k/lcode.o
 .text.patchlistaux
                0x0041e26c       0x58 THUMB Flash Debug 160k/lcode.o
 .text.dischargejpc
                0x0041e2c4       0x34 THUMB Flash Debug 160k/lcode.o
 .text.luaK_patchlist
                0x0041e2f8       0x3c THUMB Flash Debug 160k/lcode.o
                0x0041e2f8                luaK_patchlist
 .text.luaK_patchclose
                0x0041e334       0x68 THUMB Flash Debug 160k/lcode.o
                0x0041e334                luaK_patchclose
 .text.luaK_patchtohere
                0x0041e39c       0x28 THUMB Flash Debug 160k/lcode.o
                0x0041e39c                luaK_patchtohere
 .text.luaK_concat
                0x0041e3c4       0x5c THUMB Flash Debug 160k/lcode.o
                0x0041e3c4                luaK_concat
 .text.luaK_code
                0x0041e420       0xd4 THUMB Flash Debug 160k/lcode.o
 .text.luaK_codeABC
                0x0041e4f4       0x40 THUMB Flash Debug 160k/lcode.o
                0x0041e4f4                luaK_codeABC
 .text.luaK_codeABx
                0x0041e534       0x38 THUMB Flash Debug 160k/lcode.o
                0x0041e534                luaK_codeABx
 .text.codeextraarg
                0x0041e56c       0x28 THUMB Flash Debug 160k/lcode.o
 .text.luaK_codek
                0x0041e594       0x54 THUMB Flash Debug 160k/lcode.o
                0x0041e594                luaK_codek
 .text.luaK_checkstack
                0x0041e5e8       0x50 THUMB Flash Debug 160k/lcode.o
                0x0041e5e8                luaK_checkstack
 .text.luaK_reserveregs